// Jest Snapshot v1, https://goo.gl/fbAQLP

exports[`InitiatePaymentScreen matches snapshot 1`] = `
<View
  style={
    {
      "backgroundColor": "#131313",
      "flex": 1,
    }
  }
  testID="initiate-payment-screen"
>
  <View
    edges={
      [
        "top",
        "bottom",
        "left",
        "right",
      ]
    }
    style={
      {
        "flex": 1,
      }
    }
  >
    <View
      style={
        [
          {
            "flex": 1,
          },
          {
            "paddingHorizontal": 40,
          },
          {
            "backgroundColor": "#131313",
          },
        ]
      }
    >
      <RCTScrollView
        contentContainerStyle={
          [
            {
              "flexGrow": 1,
              "paddingHorizontal": 24,
            },
            {
              "paddingBottom": 58,
              "paddingTop": 63,
            },
          ]
        }
        showsVerticalScrollIndicator={false}
        style={
          {
            "flex": 1,
          }
        }
      >
        <View>
          <View
            accessibilityState={
              {
                "busy": undefined,
                "checked": undefined,
                "disabled": undefined,
                "expanded": undefined,
                "selected": undefined,
              }
            }
            accessibilityValue={
              {
                "max": undefined,
                "min": undefined,
                "now": undefined,
                "text": undefined,
              }
            }
            accessible={true}
            collapsable={false}
            focusable={true}
            hitSlop={
              {
                "bottom": 12,
                "left": 12,
                "right": 12,
                "top": 12,
              }
            }
            onClick={[Function]}
            onResponderGrant={[Function]}
            onResponderMove={[Function]}
            onResponderRelease={[Function]}
            onResponderTerminate={[Function]}
            onResponderTerminationRequest={[Function]}
            onStartShouldSetResponder={[Function]}
            style={
              {
                "alignItems": "flex-start",
                "height": 40,
                "justifyContent": "center",
                "marginBottom": 24,
                "opacity": 1,
                "width": 40,
              }
            }
          >
            <View
              fill="none"
              height={24}
              viewBox="0 0 24 24"
              width={24}
            >
              <View
                d="M15 18L9 12L15 6"
                stroke="#FFFFFF"
                strokeLinecap="round"
                strokeLinejoin="round"
                strokeWidth={2}
              />
            </View>
          </View>
          <View
            style={
              {
                "alignItems": "center",
                "marginBottom": 8,
              }
            }
          >
            <Text
              style={
                [
                  {
                    "color": "#FFFFFF",
                    "fontFamily": "PlusJakartaSans-Regular",
                    "fontSize": 16,
                    "fontWeight": "400",
                    "letterSpacing": 0,
                    "lineHeight": 24,
                    "textAlign": "left",
                  },
                  {
                    "color": "#878787",
                    "fontFamily": "PlusJakartaSans-Regular",
                    "fontSize": 12,
                    "lineHeight": 20,
                  },
                ]
              }
            >
              Rent due in 
              <Text
                style={
                  [
                    undefined,
                    {
                      "color": "#FF9A6D",
                    },
                  ]
                }
              >
                10
                 days
              </Text>
            </Text>
          </View>
          <Text
            style={
              [
                {
                  "color": "#FFFFFF",
                  "fontFamily": "PlusJakartaSans-Regular",
                  "fontSize": 16,
                  "fontWeight": "400",
                  "letterSpacing": 0,
                  "lineHeight": 24,
                  "textAlign": "left",
                },
                {
                  "color": "#CBCBCB",
                  "fontFamily": "PlusJakartaSans-Medium",
                  "fontSize": 14,
                  "lineHeight": 20,
                  "marginBottom": 16,
                  "textAlign": "center",
                },
              ]
            }
          >
            Unlock Rs 325 cashback by paying before the 7th
          </Text>
          <View
            style={
              {
                "alignSelf": "center",
                "borderColor": "#FF9A6D",
                "borderRadius": 100,
                "borderWidth": 1,
                "marginBottom": 24,
                "paddingHorizontal": 16,
                "paddingVertical": 6,
              }
            }
          >
            <Text
              style={
                [
                  {
                    "color": "#FFFFFF",
                    "fontFamily": "PlusJakartaSans-Regular",
                    "fontSize": 16,
                    "fontWeight": "400",
                    "letterSpacing": 0,
                    "lineHeight": 24,
                    "textAlign": "left",
                  },
                  {
                    "color": "#FF9A6D",
                    "fontFamily": "PlusJakartaSans-Medium",
                    "fontSize": 12,
                    "lineHeight": 16,
                  },
                ]
              }
            >
              Cashback applied
            </Text>
          </View>
          <View
            style={
              {
                "backgroundColor": "#1A1A1A",
                "borderRadius": 16,
                "gap": 12,
                "padding": 24,
              }
            }
          >
            <View>
              <Text>
                Base rent
              </Text>
              <Text>
                Rs 32,500
              </Text>
            </View>
            <View />
            <View>
              <Text>
                Total rent
              </Text>
              <Text>
                Rs 32,500
              </Text>
            </View>
            <View
              style={
                {
                  "alignItems": "center",
                  "flexDirection": "row",
                  "justifyContent": "space-between",
                }
              }
            >
              <View
                style={
                  {
                    "alignItems": "center",
                    "flexDirection": "row",
                    "gap": 8,
                  }
                }
              >
                <Text
                  style={
                    [
                      {
                        "color": "#FFFFFF",
                        "fontFamily": "PlusJakartaSans-Regular",
                        "fontSize": 16,
                        "fontWeight": "400",
                        "letterSpacing": 0,
                        "lineHeight": 24,
                        "textAlign": "left",
                      },
                      {
                        "color": "#878787",
                        "fontFamily": "PlusJakartaSans-Regular",
                        "fontSize": 14,
                        "lineHeight": 20,
                        "textAlign": "left",
                      },
                    ]
                  }
                >
                  Cashback
                </Text>
                <RCTSwitch
                  accessibilityRole="switch"
                  onChange={[Function]}
                  onResponderTerminationRequest={[Function]}
                  onStartShouldSetResponder={[Function]}
                  onTintColor="#70BF7380"
                  style={
                    [
                      {
                        "height": 31,
                        "width": 51,
                      },
                      {
                        "transform": [
                          {
                            "scaleX": 0.8,
                          },
                          {
                            "scaleY": 0.8,
                          },
                        ],
                      },
                    ]
                  }
                  thumbTintColor="#70BF73"
                  tintColor="#4D4D4D"
                  value={true}
                />
              </View>
              <Text
                style={
                  [
                    {
                      "color": "#FFFFFF",
                      "fontFamily": "PlusJakartaSans-Regular",
                      "fontSize": 16,
                      "fontWeight": "400",
                      "letterSpacing": 0,
                      "lineHeight": 24,
                      "textAlign": "left",
                    },
                    {
                      "color": "#70BF73",
                      "fontFamily": "PlusJakartaSans-Medium",
                      "fontSize": 14,
                      "lineHeight": 20,
                      "textAlign": "right",
                    },
                  ]
                }
              >
                -Rs 
                325
              </Text>
            </View>
            <View />
            <View
              style={
                {
                  "alignItems": "center",
                  "flexDirection": "row",
                  "justifyContent": "space-between",
                  "paddingTop": 8,
                }
              }
            >
              <Text
                style={
                  [
                    {
                      "color": "#FFFFFF",
                      "fontFamily": "PlusJakartaSans-Regular",
                      "fontSize": 16,
                      "fontWeight": "400",
                      "letterSpacing": 0,
                      "lineHeight": 24,
                      "textAlign": "left",
                    },
                    {
                      "color": "#FFFFFF",
                      "fontFamily": "PlusJakartaSans-SemiBold",
                      "fontSize": 14,
                      "lineHeight": 20,
                      "textAlign": "left",
                    },
                  ]
                }
              >
                Payable Rent
              </Text>
              <Text
                style={
                  [
                    {
                      "color": "#FFFFFF",
                      "fontFamily": "PlusJakartaSans-Regular",
                      "fontSize": 16,
                      "fontWeight": "400",
                      "letterSpacing": 0,
                      "lineHeight": 24,
                      "textAlign": "left",
                    },
                    {
                      "color": "#FFFFFF",
                      "fontFamily": "PlusJakartaSans-Bold",
                      "fontSize": 20,
                      "lineHeight": 28,
                      "textAlign": "right",
                    },
                  ]
                }
              >
                Rs 
                32,175
              </Text>
            </View>
          </View>
          <View
            style={
              {
                "flex": 1,
                "minHeight": 40,
              }
            }
          />
          <View
            accessibilityLabel="Pay Rs.32,175 now"
            accessibilityRole="button"
            accessibilityState={
              {
                "busy": undefined,
                "checked": undefined,
                "disabled": false,
                "expanded": undefined,
                "selected": undefined,
              }
            }
            accessibilityValue={
              {
                "max": undefined,
                "min": undefined,
                "now": undefined,
                "text": undefined,
              }
            }
            accessible={true}
            collapsable={false}
            focusable={true}
            onBlur={[Function]}
            onClick={[Function]}
            onFocus={[Function]}
            onResponderGrant={[Function]}
            onResponderMove={[Function]}
            onResponderRelease={[Function]}
            onResponderTerminate={[Function]}
            onResponderTerminationRequest={[Function]}
            onStartShouldSetResponder={[Function]}
            style={
              [
                {
                  "alignItems": "center",
                },
                {
                  "width": "100%",
                },
                undefined,
              ]
            }
            testID="pay-now-button"
          >
            <View
              style={
                {
                  "alignItems": "center",
                  "gap": 8,
                  "width": "100%",
                }
              }
            >
              <View
                style={
                  [
                    {
                      "elevation": 8,
                      "shadowColor": "#995C41",
                      "shadowOffset": {
                        "height": 6,
                        "width": 0,
                      },
                      "shadowOpacity": 0.24,
                      "shadowRadius": 10,
                      "width": "100%",
                    },
                    {
                      "shadowOffset": {
                        "height": undefined,
                        "width": 0,
                      },
                      "shadowOpacity": undefined,
                      "shadowRadius": undefined,
                      "transform": [
                        {
                          "translateY": undefined,
                        },
                        {
                          "scale": undefined,
                        },
                      ],
                    },
                  ]
                }
              >
                <LinearGradient
                  colors={
                    [
                      "#202020",
                      "#0d0d0d",
                    ]
                  }
                  end={
                    {
                      "x": 0,
                      "y": 1,
                    }
                  }
                  locations={
                    [
                      0,
                      0.9018,
                    ]
                  }
                  start={
                    {
                      "x": 0,
                      "y": 0,
                    }
                  }
                  style={
                    {
                      "alignItems": "center",
                      "borderColor": "rgba(255, 154, 109, 0.25)",
                      "borderRadius": 8,
                      "borderWidth": 0.5,
                      "justifyContent": "center",
                      "overflow": "hidden",
                      "padding": 16,
                      "width": "100%",
                    }
                  }
                >
                  <Text
                    style={
                      {
                        "color": "#FFFFFF",
                        "fontFamily": "PlusJakartaSans-Medium",
                        "fontSize": 16,
                        "lineHeight": 24,
                        "textAlign": "center",
                      }
                    }
                  >
                    Pay Rs.32,175 now
                  </Text>
                  <View
                    style={
                      [
                        {
                          "borderBottomLeftRadius": 7,
                          "borderBottomRightRadius": 7,
                          "bottom": 0,
                          "height": 8,
                          "left": 0,
                          "position": "absolute",
                          "right": 0,
                        },
                        {
                          "opacity": undefined,
                        },
                      ]
                    }
                  >
                    <LinearGradient
                      colors={
                        [
                          "transparent",
                          "rgba(255, 255, 255, 0.04)",
                          "rgba(255, 255, 255, 0.12)",
                        ]
                      }
                      end={
                        {
                          "x": 0,
                          "y": 1,
                        }
                      }
                      locations={
                        [
                          0,
                          0.4,
                          1,
                        ]
                      }
                      start={
                        {
                          "x": 0,
                          "y": 0,
                        }
                      }
                      style={
                        {
                          "borderBottomLeftRadius": 7,
                          "borderBottomRightRadius": 7,
                          "flex": 1,
                        }
                      }
                    />
                  </View>
                  <View
                    style={
                      {
                        "backgroundColor": "rgba(0, 0, 0, 0.6)",
                        "bottom": 0,
                        "height": 1,
                        "left": 0,
                        "position": "absolute",
                        "right": 2,
                      }
                    }
                  />
                  <View
                    style={
                      {
                        "backgroundColor": "rgba(0, 0, 0, 0.4)",
                        "bottom": 0,
                        "position": "absolute",
                        "right": 0,
                        "top": 4,
                        "width": 1,
                      }
                    }
                  />
                </LinearGradient>
              </View>
            </View>
          </View>
          <Text
            style={
              [
                {
                  "color": "#FFFFFF",
                  "fontFamily": "PlusJakartaSans-Regular",
                  "fontSize": 16,
                  "fontWeight": "400",
                  "letterSpacing": 0,
                  "lineHeight": 24,
                  "textAlign": "left",
                },
                {
                  "color": "#A9A9A9",
                  "fontFamily": "PlusJakartaSans-Regular",
                  "fontSize": 12,
                  "lineHeight": 20,
                  "marginTop": 16,
                  "textAlign": "center",
                },
              ]
            }
          >
            Pay by the 7th to earn 1% cashback
          </Text>
          <View
            style={
              {
                "alignItems": "center",
                "flexDirection": "row",
                "gap": 6,
                "justifyContent": "center",
                "marginTop": 12,
              }
            }
          >
            <View
              fill="none"
              height={16}
              viewBox="0 0 16 16"
              width={16}
            >
              <View
                d="M4 7V5C4 2.79 5.79 1 8 1C10.21 1 12 2.79 12 5V7M3 7H13C13.55 7 14 7.45 14 8V14C14 14.55 13.55 15 13 15H3C2.45 15 2 14.55 2 14V8C2 7.45 2.45 7 3 7Z"
                stroke="#CBCBCB"
                strokeLinecap="round"
                strokeLinejoin="round"
                strokeWidth={1.5}
              />
            </View>
            <Text
              style={
                [
                  {
                    "color": "#FFFFFF",
                    "fontFamily": "PlusJakartaSans-Regular",
                    "fontSize": 16,
                    "fontWeight": "400",
                    "letterSpacing": 0,
                    "lineHeight": 24,
                    "textAlign": "left",
                  },
                  {
                    "color": "#CBCBCB",
                    "fontFamily": "PlusJakartaSans-Regular",
                    "fontSize": 12,
                    "lineHeight": 20,
                  },
                ]
              }
            >
              Secured by PayU
            </Text>
          </View>
        </View>
      </RCTScrollView>
    </View>
  </View>
</View>
`;
