// Jest Snapshot v1, https://goo.gl/fbAQLP

exports[`SuccessScreen matches snapshot 1`] = `
<View
  style={
    {
      "backgroundColor": "#131313",
      "flex": 1,
    }
  }
  testID="success-screen"
>
  <View
    edges={
      [
        "top",
        "bottom",
        "left",
        "right",
      ]
    }
    style={
      {
        "flex": 1,
      }
    }
  >
    <View
      style={
        [
          {
            "flex": 1,
          },
          {
            "paddingHorizontal": 40,
          },
          {
            "backgroundColor": "#131313",
          },
        ]
      }
    >
      <View
        style={
          [
            {
              "flex": 1,
              "paddingHorizontal": 24,
            },
            {
              "paddingTop": 63,
            },
          ]
        }
      >
        <View
          accessibilityState={
            {
              "busy": undefined,
              "checked": undefined,
              "disabled": undefined,
              "expanded": undefined,
              "selected": undefined,
            }
          }
          accessibilityValue={
            {
              "max": undefined,
              "min": undefined,
              "now": undefined,
              "text": undefined,
            }
          }
          accessible={true}
          collapsable={false}
          focusable={true}
          hitSlop={
            {
              "bottom": 12,
              "left": 12,
              "right": 12,
              "top": 12,
            }
          }
          onClick={[Function]}
          onResponderGrant={[Function]}
          onResponderMove={[Function]}
          onResponderRelease={[Function]}
          onResponderTerminate={[Function]}
          onResponderTerminationRequest={[Function]}
          onStartShouldSetResponder={[Function]}
          style={
            {
              "alignItems": "flex-start",
              "height": 40,
              "justifyContent": "center",
              "marginBottom": 24,
              "opacity": 1,
              "width": 40,
            }
          }
        >
          <View
            fill="none"
            height={24}
            viewBox="0 0 24 24"
            width={24}
          >
            <View
              d="M15 18L9 12L15 6"
              stroke="#FFFFFF"
              strokeLinecap="round"
              strokeLinejoin="round"
              strokeWidth={2}
            />
          </View>
        </View>
        <View
          style={
            {
              "alignItems": "center",
              "position": "relative",
            }
          }
        >
          <View
            style={
              {
                "left": 24,
                "position": "absolute",
                "top": -20,
                "zIndex": 10,
              }
            }
          >
            <View
              fill="none"
              height={48}
              viewBox="0 0 24 48"
              width={24}
            >
              <View
                d="M12 4V44M12 4C12 4 20 4 20 12V36C20 44 12 44 12 44M12 4C12 4 4 4 4 12V28"
                stroke="#4D4D4D"
                strokeLinecap="round"
                strokeWidth={1.5}
              />
            </View>
          </View>
          <View
            style={
              {
                "backgroundColor": "#202020",
                "borderRadius": 16,
                "overflow": "visible",
                "padding": 24,
                "paddingTop": 80,
                "position": "relative",
                "width": 515,
              }
            }
          >
            <View
              style={
                {
                  "flexDirection": "row",
                  "justifyContent": "space-between",
                  "left": 4,
                  "position": "absolute",
                  "right": 4,
                  "top": -7,
                }
              }
            >
              <View
                style={
                  {
                    "backgroundColor": "#131313",
                    "borderRadius": 7,
                    "height": 14,
                    "width": 14,
                  }
                }
              />
              <View
                style={
                  {
                    "backgroundColor": "#131313",
                    "borderRadius": 7,
                    "height": 14,
                    "width": 14,
                  }
                }
              />
              <View
                style={
                  {
                    "backgroundColor": "#131313",
                    "borderRadius": 7,
                    "height": 14,
                    "width": 14,
                  }
                }
              />
              <View
                style={
                  {
                    "backgroundColor": "#131313",
                    "borderRadius": 7,
                    "height": 14,
                    "width": 14,
                  }
                }
              />
              <View
                style={
                  {
                    "backgroundColor": "#131313",
                    "borderRadius": 7,
                    "height": 14,
                    "width": 14,
                  }
                }
              />
              <View
                style={
                  {
                    "backgroundColor": "#131313",
                    "borderRadius": 7,
                    "height": 14,
                    "width": 14,
                  }
                }
              />
              <View
                style={
                  {
                    "backgroundColor": "#131313",
                    "borderRadius": 7,
                    "height": 14,
                    "width": 14,
                  }
                }
              />
              <View
                style={
                  {
                    "backgroundColor": "#131313",
                    "borderRadius": 7,
                    "height": 14,
                    "width": 14,
                  }
                }
              />
              <View
                style={
                  {
                    "backgroundColor": "#131313",
                    "borderRadius": 7,
                    "height": 14,
                    "width": 14,
                  }
                }
              />
              <View
                style={
                  {
                    "backgroundColor": "#131313",
                    "borderRadius": 7,
                    "height": 14,
                    "width": 14,
                  }
                }
              />
              <View
                style={
                  {
                    "backgroundColor": "#131313",
                    "borderRadius": 7,
                    "height": 14,
                    "width": 14,
                  }
                }
              />
              <View
                style={
                  {
                    "backgroundColor": "#131313",
                    "borderRadius": 7,
                    "height": 14,
                    "width": 14,
                  }
                }
              />
              <View
                style={
                  {
                    "backgroundColor": "#131313",
                    "borderRadius": 7,
                    "height": 14,
                    "width": 14,
                  }
                }
              />
              <View
                style={
                  {
                    "backgroundColor": "#131313",
                    "borderRadius": 7,
                    "height": 14,
                    "width": 14,
                  }
                }
              />
            </View>
            <View
              style={
                [
                  {
                    "backgroundColor": "#131313",
                    "borderRadius": 7,
                    "height": 14,
                    "marginTop": -7,
                    "position": "absolute",
                    "top": "50%",
                    "width": 14,
                  },
                  {
                    "left": -7,
                  },
                ]
              }
            />
            <View
              style={
                [
                  {
                    "backgroundColor": "#131313",
                    "borderRadius": 7,
                    "height": 14,
                    "marginTop": -7,
                    "position": "absolute",
                    "top": "50%",
                    "width": 14,
                  },
                  {
                    "right": -7,
                  },
                ]
              }
            />
            <View
              style={
                {
                  "position": "absolute",
                  "right": 16,
                  "top": 16,
                }
              }
            >
              <View
                style={
                  {
                    "transform": [
                      {
                        "rotate": "-15deg",
                      },
                    ],
                  }
                }
              >
                <View
                  style={
                    {
                      "alignItems": "center",
                      "borderColor": "#06C270",
                      "borderRadius": 40,
                      "borderStyle": "dashed",
                      "borderWidth": 2,
                      "height": 80,
                      "justifyContent": "center",
                      "width": 80,
                    }
                  }
                >
                  <View
                    style={
                      {
                        "alignItems": "center",
                        "borderColor": "#06C27080",
                        "borderRadius": 35,
                        "borderWidth": 1,
                        "height": 70,
                        "justifyContent": "center",
                        "width": 70,
                      }
                    }
                  >
                    <View
                      style={
                        {
                          "flexDirection": "row",
                          "gap": 2,
                        }
                      }
                    >
                      <Text
                        style={
                          [
                            {
                              "color": "#FFFFFF",
                              "fontFamily": "PlusJakartaSans-Regular",
                              "fontSize": 16,
                              "fontWeight": "400",
                              "letterSpacing": 0,
                              "lineHeight": 24,
                              "textAlign": "left",
                            },
                            {
                              "color": "#06C270",
                              "fontFamily": "PlusJakartaSans-Bold",
                              "fontSize": 8,
                              "textAlign": "center",
                            },
                          ]
                        }
                      >
                        *
                      </Text>
                      <Text
                        style={
                          [
                            {
                              "color": "#FFFFFF",
                              "fontFamily": "PlusJakartaSans-Regular",
                              "fontSize": 16,
                              "fontWeight": "400",
                              "letterSpacing": 0,
                              "lineHeight": 24,
                              "textAlign": "left",
                            },
                            {
                              "color": "#06C270",
                              "fontFamily": "PlusJakartaSans-Bold",
                              "fontSize": 8,
                              "textAlign": "center",
                            },
                          ]
                        }
                      >
                        *
                      </Text>
                      <Text
                        style={
                          [
                            {
                              "color": "#FFFFFF",
                              "fontFamily": "PlusJakartaSans-Regular",
                              "fontSize": 16,
                              "fontWeight": "400",
                              "letterSpacing": 0,
                              "lineHeight": 24,
                              "textAlign": "left",
                            },
                            {
                              "color": "#06C270",
                              "fontFamily": "PlusJakartaSans-Bold",
                              "fontSize": 8,
                              "textAlign": "center",
                            },
                          ]
                        }
                      >
                        *
                      </Text>
                    </View>
                    <Text
                      style={
                        [
                          {
                            "color": "#FFFFFF",
                            "fontFamily": "PlusJakartaSans-Regular",
                            "fontSize": 16,
                            "fontWeight": "400",
                            "letterSpacing": 0,
                            "lineHeight": 24,
                            "textAlign": "left",
                          },
                          {
                            "color": "#06C270",
                            "fontFamily": "Inter-ExtraBold",
                            "fontSize": 13.51,
                            "lineHeight": 16.35,
                            "marginVertical": 2,
                            "textAlign": "center",
                            "textTransform": "uppercase",
                          },
                        ]
                      }
                    >
                      PAID
                    </Text>
                    <View
                      style={
                        {
                          "flexDirection": "row",
                          "gap": 2,
                        }
                      }
                    >
                      <Text
                        style={
                          [
                            {
                              "color": "#FFFFFF",
                              "fontFamily": "PlusJakartaSans-Regular",
                              "fontSize": 16,
                              "fontWeight": "400",
                              "letterSpacing": 0,
                              "lineHeight": 24,
                              "textAlign": "left",
                            },
                            {
                              "color": "#06C270",
                              "fontFamily": "PlusJakartaSans-Bold",
                              "fontSize": 8,
                              "textAlign": "center",
                            },
                          ]
                        }
                      >
                        *
                      </Text>
                      <Text
                        style={
                          [
                            {
                              "color": "#FFFFFF",
                              "fontFamily": "PlusJakartaSans-Regular",
                              "fontSize": 16,
                              "fontWeight": "400",
                              "letterSpacing": 0,
                              "lineHeight": 24,
                              "textAlign": "left",
                            },
                            {
                              "color": "#06C270",
                              "fontFamily": "PlusJakartaSans-Bold",
                              "fontSize": 8,
                              "textAlign": "center",
                            },
                          ]
                        }
                      >
                        *
                      </Text>
                      <Text
                        style={
                          [
                            {
                              "color": "#FFFFFF",
                              "fontFamily": "PlusJakartaSans-Regular",
                              "fontSize": 16,
                              "fontWeight": "400",
                              "letterSpacing": 0,
                              "lineHeight": 24,
                              "textAlign": "left",
                            },
                            {
                              "color": "#06C270",
                              "fontFamily": "PlusJakartaSans-Bold",
                              "fontSize": 8,
                              "textAlign": "center",
                            },
                          ]
                        }
                      >
                        *
                      </Text>
                    </View>
                  </View>
                </View>
              </View>
            </View>
            <View
              style={
                {
                  "alignItems": "center",
                  "marginBottom": 24,
                }
              }
            >
              <Text
                style={
                  [
                    {
                      "color": "#FFFFFF",
                      "fontFamily": "PlusJakartaSans-Regular",
                      "fontSize": 16,
                      "fontWeight": "400",
                      "letterSpacing": 0,
                      "lineHeight": 24,
                      "textAlign": "left",
                    },
                    {
                      "color": "#FFFFFF",
                      "fontFamily": "PlusJakartaSans-Regular",
                      "fontSize": 20,
                      "lineHeight": 32,
                      "textAlign": "center",
                    },
                  ]
                }
              >
                Payment
              </Text>
              <Text
                style={
                  [
                    {
                      "color": "#FFFFFF",
                      "fontFamily": "PlusJakartaSans-Regular",
                      "fontSize": 16,
                      "fontWeight": "400",
                      "letterSpacing": 0,
                      "lineHeight": 24,
                      "textAlign": "left",
                    },
                    {
                      "color": "#FF9A6D",
                      "fontFamily": "PlusJakartaSans-Regular",
                      "fontSize": 20,
                      "lineHeight": 32,
                      "textAlign": "center",
                    },
                  ]
                }
              >
                Succesful
              </Text>
            </View>
            <View
              style={
                {
                  "alignItems": "center",
                  "gap": 16,
                }
              }
            >
              <View
                style={
                  {
                    "alignItems": "center",
                    "flexDirection": "row",
                    "gap": 4,
                    "height": 20,
                    "justifyContent": "space-between",
                    "width": 222,
                  }
                }
              >
                <View
                  style={
                    {
                      "alignItems": "center",
                      "flexDirection": "row",
                      "gap": 4,
                    }
                  }
                >
                  <View
                    style={
                      {
                        "alignItems": "center",
                        "height": 16,
                        "justifyContent": "center",
                        "width": 16,
                      }
                    }
                  >
                    <View
                      fill="none"
                      height={12}
                      viewBox="0 0 11 12"
                      width={11}
                    >
                      <View
                        d="M1.5 4H9.5M1.5 8H9.5M3 1L2 11M8 1L7 11"
                        stroke="#A6A6A6"
                        strokeLinecap="round"
                        strokeLinejoin="round"
                        strokeWidth={1.5}
                      />
                    </View>
                  </View>
                  <Text
                    style={
                      [
                        {
                          "color": "#FFFFFF",
                          "fontFamily": "PlusJakartaSans-Regular",
                          "fontSize": 16,
                          "fontWeight": "400",
                          "letterSpacing": 0,
                          "lineHeight": 24,
                          "textAlign": "left",
                        },
                        {
                          "color": "#878787",
                          "fontFamily": "PlusJakartaSans-Regular",
                          "fontSize": 12,
                          "lineHeight": 20,
                          "textAlign": "left",
                        },
                      ]
                    }
                  >
                    Amount paid
                  </Text>
                </View>
                <Text
                  style={
                    [
                      {
                        "color": "#FFFFFF",
                        "fontFamily": "PlusJakartaSans-Regular",
                        "fontSize": 16,
                        "fontWeight": "400",
                        "letterSpacing": 0,
                        "lineHeight": 24,
                        "textAlign": "left",
                      },
                      {
                        "color": "#CBCBCB",
                        "fontFamily": "PlusJakartaSans-Regular",
                        "fontSize": 12,
                        "lineHeight": 20,
                        "textAlign": "right",
                      },
                    ]
                  }
                >
                  ₹ 40000
                </Text>
              </View>
              <View
                color="#4D4D4D"
                style={
                  {
                    "marginVertical": 0,
                    "width": 222,
                  }
                }
                testID="dashed-divider"
              />
              <View
                style={
                  {
                    "alignItems": "center",
                    "flexDirection": "row",
                    "gap": 4,
                    "height": 20,
                    "justifyContent": "space-between",
                    "width": 222,
                  }
                }
              >
                <View
                  style={
                    {
                      "alignItems": "center",
                      "flexDirection": "row",
                      "gap": 4,
                    }
                  }
                >
                  <View
                    style={
                      {
                        "alignItems": "center",
                        "height": 16,
                        "justifyContent": "center",
                        "width": 16,
                      }
                    }
                  >
                    <View
                      fill="none"
                      height={12}
                      viewBox="0 0 11 12"
                      width={11}
                    >
                      <View
                        d="M1.5 4H9.5M1.5 8H9.5M3 1L2 11M8 1L7 11"
                        stroke="#A6A6A6"
                        strokeLinecap="round"
                        strokeLinejoin="round"
                        strokeWidth={1.5}
                      />
                    </View>
                  </View>
                  <Text
                    style={
                      [
                        {
                          "color": "#FFFFFF",
                          "fontFamily": "PlusJakartaSans-Regular",
                          "fontSize": 16,
                          "fontWeight": "400",
                          "letterSpacing": 0,
                          "lineHeight": 24,
                          "textAlign": "left",
                        },
                        {
                          "color": "#878787",
                          "fontFamily": "PlusJakartaSans-Regular",
                          "fontSize": 12,
                          "lineHeight": 20,
                          "textAlign": "left",
                        },
                      ]
                    }
                  >
                    Date
                  </Text>
                </View>
                <Text
                  style={
                    [
                      {
                        "color": "#FFFFFF",
                        "fontFamily": "PlusJakartaSans-Regular",
                        "fontSize": 16,
                        "fontWeight": "400",
                        "letterSpacing": 0,
                        "lineHeight": 24,
                        "textAlign": "left",
                      },
                      {
                        "color": "#CBCBCB",
                        "fontFamily": "PlusJakartaSans-Regular",
                        "fontSize": 12,
                        "lineHeight": 20,
                        "textAlign": "right",
                      },
                    ]
                  }
                >
                  18 Nov 2026
                </Text>
              </View>
              <View
                color="#4D4D4D"
                style={
                  {
                    "marginVertical": 0,
                    "width": 222,
                  }
                }
                testID="dashed-divider"
              />
              <View
                style={
                  {
                    "alignItems": "center",
                    "flexDirection": "row",
                    "gap": 4,
                    "height": 20,
                    "justifyContent": "space-between",
                    "width": 222,
                  }
                }
              >
                <View
                  style={
                    {
                      "alignItems": "center",
                      "flexDirection": "row",
                      "gap": 4,
                    }
                  }
                >
                  <View
                    style={
                      {
                        "alignItems": "center",
                        "height": 16,
                        "justifyContent": "center",
                        "width": 16,
                      }
                    }
                  >
                    <View
                      fill="none"
                      height={12}
                      viewBox="0 0 11 12"
                      width={11}
                    >
                      <View
                        d="M1.5 4H9.5M1.5 8H9.5M3 1L2 11M8 1L7 11"
                        stroke="#A6A6A6"
                        strokeLinecap="round"
                        strokeLinejoin="round"
                        strokeWidth={1.5}
                      />
                    </View>
                  </View>
                  <Text
                    style={
                      [
                        {
                          "color": "#FFFFFF",
                          "fontFamily": "PlusJakartaSans-Regular",
                          "fontSize": 16,
                          "fontWeight": "400",
                          "letterSpacing": 0,
                          "lineHeight": 24,
                          "textAlign": "left",
                        },
                        {
                          "color": "#878787",
                          "fontFamily": "PlusJakartaSans-Regular",
                          "fontSize": 12,
                          "lineHeight": 20,
                          "textAlign": "left",
                        },
                      ]
                    }
                  >
                    Method
                  </Text>
                </View>
                <Text
                  style={
                    [
                      {
                        "color": "#FFFFFF",
                        "fontFamily": "PlusJakartaSans-Regular",
                        "fontSize": 16,
                        "fontWeight": "400",
                        "letterSpacing": 0,
                        "lineHeight": 24,
                        "textAlign": "left",
                      },
                      {
                        "color": "#CBCBCB",
                        "fontFamily": "PlusJakartaSans-Regular",
                        "fontSize": 12,
                        "lineHeight": 20,
                        "textAlign": "right",
                      },
                    ]
                  }
                >
                  UPI (joel@oksbi)
                </Text>
              </View>
              <View
                color="#4D4D4D"
                style={
                  {
                    "marginVertical": 0,
                    "width": 222,
                  }
                }
                testID="dashed-divider"
              />
              <View
                style={
                  {
                    "alignItems": "center",
                    "flexDirection": "row",
                    "gap": 4,
                    "height": 20,
                    "justifyContent": "space-between",
                    "width": 222,
                  }
                }
              >
                <View
                  style={
                    {
                      "alignItems": "center",
                      "flexDirection": "row",
                      "gap": 4,
                    }
                  }
                >
                  <View
                    style={
                      {
                        "alignItems": "center",
                        "height": 16,
                        "justifyContent": "center",
                        "width": 16,
                      }
                    }
                  >
                    <View
                      fill="none"
                      height={12}
                      viewBox="0 0 11 12"
                      width={11}
                    >
                      <View
                        d="M1.5 4H9.5M1.5 8H9.5M3 1L2 11M8 1L7 11"
                        stroke="#A6A6A6"
                        strokeLinecap="round"
                        strokeLinejoin="round"
                        strokeWidth={1.5}
                      />
                    </View>
                  </View>
                  <Text
                    style={
                      [
                        {
                          "color": "#FFFFFF",
                          "fontFamily": "PlusJakartaSans-Regular",
                          "fontSize": 16,
                          "fontWeight": "400",
                          "letterSpacing": 0,
                          "lineHeight": 24,
                          "textAlign": "left",
                        },
                        {
                          "color": "#878787",
                          "fontFamily": "PlusJakartaSans-Regular",
                          "fontSize": 12,
                          "lineHeight": 20,
                          "textAlign": "left",
                        },
                      ]
                    }
                  >
                    Transaction ID
                  </Text>
                </View>
                <Text
                  style={
                    [
                      {
                        "color": "#FFFFFF",
                        "fontFamily": "PlusJakartaSans-Regular",
                        "fontSize": 16,
                        "fontWeight": "400",
                        "letterSpacing": 0,
                        "lineHeight": 24,
                        "textAlign": "left",
                      },
                      {
                        "color": "#CBCBCB",
                        "fontFamily": "PlusJakartaSans-Regular",
                        "fontSize": 12,
                        "lineHeight": 20,
                        "textAlign": "right",
                      },
                    ]
                  }
                >
                  txn-123
                </Text>
              </View>
              <View
                style={
                  {
                    "alignItems": "center",
                    "alignSelf": "center",
                    "backgroundColor": "#1A1A1A",
                    "borderRadius": 40,
                    "justifyContent": "center",
                    "marginVertical": 12,
                    "paddingHorizontal": 12,
                    "paddingVertical": 4,
                    "width": 222,
                  }
                }
              >
                <Text
                  style={
                    [
                      {
                        "color": "#FFFFFF",
                        "fontFamily": "PlusJakartaSans-Regular",
                        "fontSize": 16,
                        "fontWeight": "400",
                        "letterSpacing": 0,
                        "lineHeight": 24,
                        "textAlign": "left",
                      },
                      {
                        "color": "#DDDDDD",
                        "fontFamily": "PlusJakartaSans-Regular",
                        "fontSize": 12,
                        "lineHeight": 20,
                        "textAlign": "center",
                      },
                    ]
                  }
                >
                  ₹350 cashback applied
                </Text>
              </View>
              <View
                color="#4D4D4D"
                style={
                  {
                    "marginVertical": 0,
                    "width": 222,
                  }
                }
                testID="dashed-divider"
              />
              <View
                style={
                  {
                    "alignItems": "center",
                    "flexDirection": "row",
                    "gap": 4,
                    "height": 20,
                    "justifyContent": "space-between",
                    "width": 222,
                  }
                }
              >
                <View
                  style={
                    {
                      "alignItems": "center",
                      "flexDirection": "row",
                      "gap": 4,
                    }
                  }
                >
                  <View
                    style={
                      {
                        "alignItems": "center",
                        "height": 16,
                        "justifyContent": "center",
                        "width": 16,
                      }
                    }
                  >
                    <View
                      fill="none"
                      height={12}
                      viewBox="0 0 11 12"
                      width={11}
                    >
                      <View
                        d="M1.5 4H9.5M1.5 8H9.5M3 1L2 11M8 1L7 11"
                        stroke="#A6A6A6"
                        strokeLinecap="round"
                        strokeLinejoin="round"
                        strokeWidth={1.5}
                      />
                    </View>
                  </View>
                  <Text
                    style={
                      [
                        {
                          "color": "#FFFFFF",
                          "fontFamily": "PlusJakartaSans-Regular",
                          "fontSize": 16,
                          "fontWeight": "400",
                          "letterSpacing": 0,
                          "lineHeight": 24,
                          "textAlign": "left",
                        },
                        {
                          "color": "#878787",
                          "fontFamily": "PlusJakartaSans-Regular",
                          "fontSize": 12,
                          "lineHeight": 20,
                          "textAlign": "left",
                        },
                      ]
                    }
                  >
                    Payable Rent
                  </Text>
                </View>
                <Text
                  style={
                    [
                      {
                        "color": "#FFFFFF",
                        "fontFamily": "PlusJakartaSans-Regular",
                        "fontSize": 16,
                        "fontWeight": "400",
                        "letterSpacing": 0,
                        "lineHeight": 24,
                        "textAlign": "left",
                      },
                      {
                        "color": "#DDDDDD",
                        "fontFamily": "PlusJakartaSans-SemiBold",
                        "fontSize": 14,
                        "lineHeight": 20,
                        "textAlign": "right",
                      },
                    ]
                  }
                >
                  ₹ 40000
                </Text>
              </View>
            </View>
          </View>
        </View>
        <View
          style={
            {
              "flex": 1,
            }
          }
        />
        <View
          style={
            [
              {
                "alignItems": "center",
                "gap": 16,
              },
              {
                "paddingBottom": 58,
              },
            ]
          }
        >
          <View
            accessibilityLabel="Download Receipt"
            accessibilityRole="button"
            accessibilityState={
              {
                "busy": undefined,
                "checked": undefined,
                "disabled": false,
                "expanded": undefined,
                "selected": undefined,
              }
            }
            accessibilityValue={
              {
                "max": undefined,
                "min": undefined,
                "now": undefined,
                "text": undefined,
              }
            }
            accessible={true}
            collapsable={false}
            focusable={true}
            onBlur={[Function]}
            onClick={[Function]}
            onFocus={[Function]}
            onResponderGrant={[Function]}
            onResponderMove={[Function]}
            onResponderRelease={[Function]}
            onResponderTerminate={[Function]}
            onResponderTerminationRequest={[Function]}
            onStartShouldSetResponder={[Function]}
            style={
              [
                {
                  "alignItems": "center",
                },
                {
                  "width": "100%",
                },
                undefined,
              ]
            }
            testID="download-receipt-button"
          >
            <View
              style={
                {
                  "alignItems": "center",
                  "gap": 8,
                  "width": "100%",
                }
              }
            >
              <View
                style={
                  [
                    {
                      "elevation": 8,
                      "shadowColor": "#995C41",
                      "shadowOffset": {
                        "height": 6,
                        "width": 0,
                      },
                      "shadowOpacity": 0.24,
                      "shadowRadius": 10,
                      "width": "100%",
                    },
                    {
                      "shadowOffset": {
                        "height": undefined,
                        "width": 0,
                      },
                      "shadowOpacity": undefined,
                      "shadowRadius": undefined,
                      "transform": [
                        {
                          "translateY": undefined,
                        },
                        {
                          "scale": undefined,
                        },
                      ],
                    },
                  ]
                }
              >
                <View
                  colors={
                    [
                      "#202020",
                      "#0d0d0d",
                    ]
                  }
                  end={
                    {
                      "x": 0,
                      "y": 1,
                    }
                  }
                  locations={
                    [
                      0,
                      0.9018,
                    ]
                  }
                  start={
                    {
                      "x": 0,
                      "y": 0,
                    }
                  }
                  style={
                    {
                      "alignItems": "center",
                      "borderColor": "rgba(255, 154, 109, 0.25)",
                      "borderRadius": 8,
                      "borderWidth": 0.5,
                      "justifyContent": "center",
                      "overflow": "hidden",
                      "padding": 16,
                      "width": "100%",
                    }
                  }
                >
                  <Text
                    style={
                      {
                        "color": "#FFFFFF",
                        "fontFamily": "PlusJakartaSans-Medium",
                        "fontSize": 16,
                        "lineHeight": 24,
                        "textAlign": "center",
                      }
                    }
                  >
                    Download Receipt
                  </Text>
                  <View
                    style={
                      [
                        {
                          "borderBottomLeftRadius": 7,
                          "borderBottomRightRadius": 7,
                          "bottom": 0,
                          "height": 8,
                          "left": 0,
                          "position": "absolute",
                          "right": 0,
                        },
                        {
                          "opacity": undefined,
                        },
                      ]
                    }
                  >
                    <View
                      colors={
                        [
                          "transparent",
                          "rgba(255, 255, 255, 0.04)",
                          "rgba(255, 255, 255, 0.12)",
                        ]
                      }
                      end={
                        {
                          "x": 0,
                          "y": 1,
                        }
                      }
                      locations={
                        [
                          0,
                          0.4,
                          1,
                        ]
                      }
                      start={
                        {
                          "x": 0,
                          "y": 0,
                        }
                      }
                      style={
                        {
                          "borderBottomLeftRadius": 7,
                          "borderBottomRightRadius": 7,
                          "flex": 1,
                        }
                      }
                    />
                  </View>
                  <View
                    style={
                      {
                        "backgroundColor": "rgba(0, 0, 0, 0.6)",
                        "bottom": 0,
                        "height": 1,
                        "left": 0,
                        "position": "absolute",
                        "right": 2,
                      }
                    }
                  />
                  <View
                    style={
                      {
                        "backgroundColor": "rgba(0, 0, 0, 0.4)",
                        "bottom": 0,
                        "position": "absolute",
                        "right": 0,
                        "top": 4,
                        "width": 1,
                      }
                    }
                  />
                </View>
              </View>
            </View>
          </View>
          <View
            accessibilityState={
              {
                "busy": undefined,
                "checked": undefined,
                "disabled": undefined,
                "expanded": undefined,
                "selected": undefined,
              }
            }
            accessibilityValue={
              {
                "max": undefined,
                "min": undefined,
                "now": undefined,
                "text": undefined,
              }
            }
            accessible={true}
            collapsable={false}
            focusable={true}
            onClick={[Function]}
            onResponderGrant={[Function]}
            onResponderMove={[Function]}
            onResponderRelease={[Function]}
            onResponderTerminate={[Function]}
            onResponderTerminationRequest={[Function]}
            onStartShouldSetResponder={[Function]}
            style={
              {
                "alignItems": "center",
                "opacity": 1,
                "paddingVertical": 8,
              }
            }
          >
            <Text
              style={
                [
                  {
                    "color": "#FFFFFF",
                    "fontFamily": "PlusJakartaSans-Regular",
                    "fontSize": 16,
                    "fontWeight": "400",
                    "letterSpacing": 0,
                    "lineHeight": 24,
                    "textAlign": "left",
                  },
                  {
                    "color": "#A9A9A9",
                    "fontFamily": "PlusJakartaSans-Regular",
                    "fontSize": 12,
                    "lineHeight": 20,
                    "textAlign": "center",
                  },
                ]
              }
            >
              Contact Support
            </Text>
          </View>
        </View>
      </View>
    </View>
  </View>
</View>
`;
