[    1210ms] [WARNING] "shadow*" style props are deprecated. Use "boxShadow". @ https://into-introductory-screensavers-ecology.trycloudflare.com/node_modules/expo-router/entry.bundle?platform=web&dev=true&hot=false&transform.engine=hermes&transform.routerRoot=app&unstable_transformProfile=hermes-stable:40238
[    1239ms] Error: Cannot manually set color scheme, as dark mode is type 'media'. Please use StyleSheet.setFlag('darkMode', 'class')
    at Object.set (https://into-introductory-screensavers-ecology.trycloudflare.com/node_modules/expo-router/entry.bundle?platform=web&dev=true&hot=false&transform.engine=hermes&transform.routerRoot=app&unstable_transformProfile=hermes-stable:60653:15)
    at MutationObserver.observe.attributes (https://into-introductory-screensavers-ecology.trycloudflare.com/node_modules/expo-router/entry.bundle?platform=web&dev=true&hot=false&transform.engine=hermes&transform.routerRoot=app&unstable_transformProfile=hermes-stable:60639:27)
[    1242ms] [WARNING] App Start Span could not be finished. `Sentry.wrap` was called before `Sentry.init`. @ https://into-introductory-screensavers-ecology.trycloudflare.com/node_modules/expo-router/entry.bundle?platform=web&dev=true&hot=false&transform.engine=hermes&transform.routerRoot=app&unstable_transformProfile=hermes-stable:185651
[    1591ms] [WARNING] Animated: `useNativeDriver` is not supported because the native animated module is missing. Falling back to JS-based animation. To resolve this, add `RCTAnimation` module to this app, or remove `useNativeDriver`. Make sure to run `bundle exec pod install` first. Read more about autolinking: https://github.com/react-native-community/cli/blob/master/docs/autolinking.md @ https://into-introductory-screensavers-ecology.trycloudflare.com/node_modules/expo-router/entry.bundle?platform=web&dev=true&hot=false&transform.engine=hermes&transform.routerRoot=app&unstable_transformProfile=hermes-stable:50143
[    1647ms] UnavailabilityError: The method or property Haptics.notificationAsync is not available on web, are you sure you've linked all the native dependencies properly?
    at Object.notificationAsync (https://into-introductory-screensavers-ecology.trycloudflare.com/node_modules/expo-router/entry.bundle?platform=web&dev=true&hot=false&transform.engine=hermes&transform.routerRoot=app&unstable_transformProfile=hermes-stable:129286:13)
    at https://into-introductory-screensavers-ecology.trycloudflare.com/node_modules/expo-router/entry.bundle?platform=web&dev=true&hot=false&transform.engine=hermes&transform.routerRoot=app&unstable_transformProfile=hermes-stable:258645:15
    at commitHookEffectListMount (https://into-introductory-screensavers-ecology.trycloudflare.com/node_modules/expo-router/entry.bundle?platform=web&dev=true&hot=false&transform.engine=hermes&transform.routerRoot=app&unstable_transformProfile=hermes-stable:27613:32)
    at commitPassiveMountOnFiber (https://into-introductory-screensavers-ecology.trycloudflare.com/node_modules/expo-router/entry.bundle?platform=web&dev=true&hot=false&transform.engine=hermes&transform.routerRoot=app&unstable_transformProfile=hermes-stable:29106:19)
    at commitPassiveMountEffects_complete (https://into-introductory-screensavers-ecology.trycloudflare.com/node_modules/expo-router/entry.bundle?platform=web&dev=true&hot=false&transform.engine=hermes&transform.routerRoot=app&unstable_transformProfile=hermes-stable:29078:15)
    at commitPassiveMountEffects_begin (https://into-introductory-screensavers-ecology.trycloudflare.com/node_modules/expo-router/entry.bundle?platform=web&dev=true&hot=false&transform.engine=hermes&transform.routerRoot=app&unstable_transformProfile=hermes-stable:29068:13)
    at commitPassiveMountEffects (https://into-introductory-screensavers-ecology.trycloudflare.com/node_modules/expo-router/entry.bundle?platform=web&dev=true&hot=false&transform.engine=hermes&transform.routerRoot=app&unstable_transformProfile=hermes-stable:29058:9)
    at flushPassiveEffectsImpl (https://into-introductory-screensavers-ecology.trycloudflare.com/node_modules/expo-router/entry.bundle?platform=web&dev=true&hot=false&transform.engine=hermes&transform.routerRoot=app&unstable_transformProfile=hermes-stable:30941:9)
    at flushPassiveEffects (https://into-introductory-screensavers-ecology.trycloudflare.com/node_modules/expo-router/entry.bundle?platform=web&dev=true&hot=false&transform.engine=hermes&transform.routerRoot=app&unstable_transformProfile=hermes-stable:30894:20)
    at https://into-introductory-screensavers-ecology.trycloudflare.com/node_modules/expo-router/entry.bundle?platform=web&dev=true&hot=false&transform.engine=hermes&transform.routerRoot=app&unstable_transformProfile=hermes-stable:30709:15
    at workLoop (https://into-introductory-screensavers-ecology.trycloudflare.com/node_modules/expo-router/entry.bundle?platform=web&dev=true&hot=false&transform.engine=hermes&transform.routerRoot=app&unstable_transformProfile=hermes-stable:33579:40)
    at flushWork (https://into-introductory-screensavers-ecology.trycloudflare.com/node_modules/expo-router/entry.bundle?platform=web&dev=true&hot=false&transform.engine=hermes&transform.routerRoot=app&unstable_transformProfile=hermes-stable:33557:20)
    at MessagePort.performWorkUntilDeadline (https://into-introductory-screensavers-ecology.trycloudflare.com/node_modules/expo-router/entry.bundle?platform=web&dev=true&hot=false&transform.engine=hermes&transform.routerRoot=app&unstable_transformProfile=hermes-stable:33794:27)
[    1620ms] [ERROR] Access to fetch at 'https://clients3.google.com/generate_204' from origin 'https://into-introductory-screensavers-ecology.trycloudflare.com' has been blocked by CORS policy: No 'Access-Control-Allow-Origin' header is present on the requested resource. @ https://into-introductory-screensavers-ecology.trycloudflare.com/failed:0
[    1620ms] [ERROR] Failed to load resource: net::ERR_FAILED @ https://clients3.google.com/generate_204:0
[   16619ms] [ERROR] Access to fetch at 'https://clients3.google.com/generate_204' from origin 'https://into-introductory-screensavers-ecology.trycloudflare.com' has been blocked by CORS policy: No 'Access-Control-Allow-Origin' header is present on the requested resource. @ https://into-introductory-screensavers-ecology.trycloudflare.com/failed:0
[   16619ms] [ERROR] Failed to load resource: net::ERR_FAILED @ https://clients3.google.com/generate_204:0
[   31630ms] [ERROR] Access to fetch at 'https://clients3.google.com/generate_204' from origin 'https://into-introductory-screensavers-ecology.trycloudflare.com' has been blocked by CORS policy: No 'Access-Control-Allow-Origin' header is present on the requested resource. @ https://into-introductory-screensavers-ecology.trycloudflare.com/failed:0
[   31630ms] [ERROR] Failed to load resource: net::ERR_FAILED @ https://clients3.google.com/generate_204:0
[   46615ms] [ERROR] Access to fetch at 'https://clients3.google.com/generate_204' from origin 'https://into-introductory-screensavers-ecology.trycloudflare.com' has been blocked by CORS policy: No 'Access-Control-Allow-Origin' header is present on the requested resource. @ https://into-introductory-screensavers-ecology.trycloudflare.com/failed:0
[   46615ms] [ERROR] Failed to load resource: net::ERR_FAILED @ https://clients3.google.com/generate_204:0
