[    1446ms] [WARNING] "shadow*" style props are deprecated. Use "boxShadow". @ https://into-introductory-screensavers-ecology.trycloudflare.com/node_modules/expo-router/entry.bundle?platform=web&dev=true&hot=false&transform.engine=hermes&transform.routerRoot=app&unstable_transformProfile=hermes-stable:40238
[    1518ms] Error: Cannot manually set color scheme, as dark mode is type 'media'. Please use StyleSheet.setFlag('darkMode', 'class')
    at Object.set (https://into-introductory-screensavers-ecology.trycloudflare.com/node_modules/expo-router/entry.bundle?platform=web&dev=true&hot=false&transform.engine=hermes&transform.routerRoot=app&unstable_transformProfile=hermes-stable:60653:15)
    at MutationObserver.observe.attributes (https://into-introductory-screensavers-ecology.trycloudflare.com/node_modules/expo-router/entry.bundle?platform=web&dev=true&hot=false&transform.engine=hermes&transform.routerRoot=app&unstable_transformProfile=hermes-stable:60639:27)
[    1530ms] [WARNING] App Start Span could not be finished. `Sentry.wrap` was called before `Sentry.init`. @ https://into-introductory-screensavers-ecology.trycloudflare.com/node_modules/expo-router/entry.bundle?platform=web&dev=true&hot=false&transform.engine=hermes&transform.routerRoot=app&unstable_transformProfile=hermes-stable:185651
[    1888ms] [WARNING] props.pointerEvents is deprecated. Use style.pointerEvents @ https://into-introductory-screensavers-ecology.trycloudflare.com/node_modules/expo-router/entry.bundle?platform=web&dev=true&hot=false&transform.engine=hermes&transform.routerRoot=app&unstable_transformProfile=hermes-stable:40238
[    1895ms] [WARNING] Animated: `useNativeDriver` is not supported because the native animated module is missing. Falling back to JS-based animation. To resolve this, add `RCTAnimation` module to this app, or remove `useNativeDriver`. Make sure to run `bundle exec pod install` first. Read more about autolinking: https://github.com/react-native-community/cli/blob/master/docs/autolinking.md @ https://into-introductory-screensavers-ecology.trycloudflare.com/node_modules/expo-router/entry.bundle?platform=web&dev=true&hot=false&transform.engine=hermes&transform.routerRoot=app&unstable_transformProfile=hermes-stable:50143
[    2009ms] [ERROR] Access to fetch at 'https://clients3.google.com/generate_204' from origin 'https://into-introductory-screensavers-ecology.trycloudflare.com' has been blocked by CORS policy: No 'Access-Control-Allow-Origin' header is present on the requested resource. @ https://into-introductory-screensavers-ecology.trycloudflare.com/splash:0
[    2010ms] [ERROR] Failed to load resource: net::ERR_FAILED @ https://clients3.google.com/generate_204:0
[   16962ms] [ERROR] Access to fetch at 'https://clients3.google.com/generate_204' from origin 'https://into-introductory-screensavers-ecology.trycloudflare.com' has been blocked by CORS policy: No 'Access-Control-Allow-Origin' header is present on the requested resource. @ https://into-introductory-screensavers-ecology.trycloudflare.com/splash:0
[   16962ms] [ERROR] Failed to load resource: net::ERR_FAILED @ https://clients3.google.com/generate_204:0
[   31921ms] [ERROR] Access to fetch at 'https://clients3.google.com/generate_204' from origin 'https://into-introductory-screensavers-ecology.trycloudflare.com' has been blocked by CORS policy: No 'Access-Control-Allow-Origin' header is present on the requested resource. @ https://into-introductory-screensavers-ecology.trycloudflare.com/splash:0
[   31921ms] [ERROR] Failed to load resource: net::ERR_FAILED @ https://clients3.google.com/generate_204:0
[   46917ms] [ERROR] Access to fetch at 'https://clients3.google.com/generate_204' from origin 'https://into-introductory-screensavers-ecology.trycloudflare.com' has been blocked by CORS policy: No 'Access-Control-Allow-Origin' header is present on the requested resource. @ https://into-introductory-screensavers-ecology.trycloudflare.com/splash:0
[   46917ms] [ERROR] Failed to load resource: net::ERR_FAILED @ https://clients3.google.com/generate_204:0
[   61917ms] [ERROR] Access to fetch at 'https://clients3.google.com/generate_204' from origin 'https://into-introductory-screensavers-ecology.trycloudflare.com' has been blocked by CORS policy: No 'Access-Control-Allow-Origin' header is present on the requested resource. @ https://into-introductory-screensavers-ecology.trycloudflare.com/splash:0
[   61917ms] [ERROR] Failed to load resource: net::ERR_FAILED @ https://clients3.google.com/generate_204:0
[   76921ms] [ERROR] Access to fetch at 'https://clients3.google.com/generate_204' from origin 'https://into-introductory-screensavers-ecology.trycloudflare.com' has been blocked by CORS policy: No 'Access-Control-Allow-Origin' header is present on the requested resource. @ https://into-introductory-screensavers-ecology.trycloudflare.com/splash:0
[   76921ms] [ERROR] Failed to load resource: net::ERR_FAILED @ https://clients3.google.com/generate_204:0
[   91919ms] [ERROR] Access to fetch at 'https://clients3.google.com/generate_204' from origin 'https://into-introductory-screensavers-ecology.trycloudflare.com' has been blocked by CORS policy: No 'Access-Control-Allow-Origin' header is present on the requested resource. @ https://into-introductory-screensavers-ecology.trycloudflare.com/splash:0
[   91919ms] [ERROR] Failed to load resource: net::ERR_FAILED @ https://clients3.google.com/generate_204:0
[  106931ms] [ERROR] Access to fetch at 'https://clients3.google.com/generate_204' from origin 'https://into-introductory-screensavers-ecology.trycloudflare.com' has been blocked by CORS policy: No 'Access-Control-Allow-Origin' header is present on the requested resource. @ https://into-introductory-screensavers-ecology.trycloudflare.com/splash:0
[  106931ms] [ERROR] Failed to load resource: net::ERR_FAILED @ https://clients3.google.com/generate_204:0
[  121928ms] [ERROR] Access to fetch at 'https://clients3.google.com/generate_204' from origin 'https://into-introductory-screensavers-ecology.trycloudflare.com' has been blocked by CORS policy: No 'Access-Control-Allow-Origin' header is present on the requested resource. @ https://into-introductory-screensavers-ecology.trycloudflare.com/splash:0
[  121928ms] [ERROR] Failed to load resource: net::ERR_FAILED @ https://clients3.google.com/generate_204:0
[  126865ms] [WARNING] Disconnected from Metro (1006: "").

To reconnect:
- Ensure that Metro is running and available on the same network
- Reload this app (will trigger further help if Metro cannot be connected to)
       @ https://into-introductory-screensavers-ecology.trycloudflare.com/node_modules/expo-router/entry.bundle?platform=web&dev=true&hot=false&transform.engine=hermes&transform.routerRoot=app&unstable_transformProfile=hermes-stable:1563
[  136990ms] [ERROR] Access to fetch at 'https://clients3.google.com/generate_204' from origin 'https://into-introductory-screensavers-ecology.trycloudflare.com' has been blocked by CORS policy: No 'Access-Control-Allow-Origin' header is present on the requested resource. @ https://into-introductory-screensavers-ecology.trycloudflare.com/splash:0
[  136990ms] [ERROR] Failed to load resource: net::ERR_FAILED @ https://clients3.google.com/generate_204:0
[  151925ms] [ERROR] Access to fetch at 'https://clients3.google.com/generate_204' from origin 'https://into-introductory-screensavers-ecology.trycloudflare.com' has been blocked by CORS policy: No 'Access-Control-Allow-Origin' header is present on the requested resource. @ https://into-introductory-screensavers-ecology.trycloudflare.com/splash:0
[  151925ms] [ERROR] Failed to load resource: net::ERR_FAILED @ https://clients3.google.com/generate_204:0
[  166927ms] [ERROR] Access to fetch at 'https://clients3.google.com/generate_204' from origin 'https://into-introductory-screensavers-ecology.trycloudflare.com' has been blocked by CORS policy: No 'Access-Control-Allow-Origin' header is present on the requested resource. @ https://into-introductory-screensavers-ecology.trycloudflare.com/splash:0
[  166927ms] [ERROR] Failed to load resource: net::ERR_FAILED @ https://clients3.google.com/generate_204:0
[  181992ms] [ERROR] Access to fetch at 'https://clients3.google.com/generate_204' from origin 'https://into-introductory-screensavers-ecology.trycloudflare.com' has been blocked by CORS policy: No 'Access-Control-Allow-Origin' header is present on the requested resource. @ https://into-introductory-screensavers-ecology.trycloudflare.com/splash:0
[  181992ms] [ERROR] Failed to load resource: net::ERR_FAILED @ https://clients3.google.com/generate_204:0
[  196925ms] [ERROR] Access to fetch at 'https://clients3.google.com/generate_204' from origin 'https://into-introductory-screensavers-ecology.trycloudflare.com' has been blocked by CORS policy: No 'Access-Control-Allow-Origin' header is present on the requested resource. @ https://into-introductory-screensavers-ecology.trycloudflare.com/splash:0
[  196925ms] [ERROR] Failed to load resource: net::ERR_FAILED @ https://clients3.google.com/generate_204:0
[  211928ms] [ERROR] Access to fetch at 'https://clients3.google.com/generate_204' from origin 'https://into-introductory-screensavers-ecology.trycloudflare.com' has been blocked by CORS policy: No 'Access-Control-Allow-Origin' header is present on the requested resource. @ https://into-introductory-screensavers-ecology.trycloudflare.com/splash:0
[  211928ms] [ERROR] Failed to load resource: net::ERR_FAILED @ https://clients3.google.com/generate_204:0
[  226937ms] [ERROR] Access to fetch at 'https://clients3.google.com/generate_204' from origin 'https://into-introductory-screensavers-ecology.trycloudflare.com' has been blocked by CORS policy: No 'Access-Control-Allow-Origin' header is present on the requested resource. @ https://into-introductory-screensavers-ecology.trycloudflare.com/splash:0
[  226938ms] [ERROR] Failed to load resource: net::ERR_FAILED @ https://clients3.google.com/generate_204:0
