[     865ms] [WARNING] "shadow*" style props are deprecated. Use "boxShadow". @ https://into-introductory-screensavers-ecology.trycloudflare.com/node_modules/expo-router/entry.bundle?platform=web&dev=true&hot=false&transform.engine=hermes&transform.routerRoot=app&unstable_transformProfile=hermes-stable:40238
[     893ms] Error: Cannot manually set color scheme, as dark mode is type 'media'. Please use StyleSheet.setFlag('darkMode', 'class')
    at Object.set (https://into-introductory-screensavers-ecology.trycloudflare.com/node_modules/expo-router/entry.bundle?platform=web&dev=true&hot=false&transform.engine=hermes&transform.routerRoot=app&unstable_transformProfile=hermes-stable:60653:15)
    at MutationObserver.observe.attributes (https://into-introductory-screensavers-ecology.trycloudflare.com/node_modules/expo-router/entry.bundle?platform=web&dev=true&hot=false&transform.engine=hermes&transform.routerRoot=app&unstable_transformProfile=hermes-stable:60639:27)
[     896ms] [WARNING] App Start Span could not be finished. `Sentry.wrap` was called before `Sentry.init`. @ https://into-introductory-screensavers-ecology.trycloudflare.com/node_modules/expo-router/entry.bundle?platform=web&dev=true&hot=false&transform.engine=hermes&transform.routerRoot=app&unstable_transformProfile=hermes-stable:185651
[    1363ms] [ERROR] Warning: findDOMNode is deprecated and will be removed in the next major release. Instead, add a ref directly to the element you want to reference. Learn more about using refs safely here: https://reactjs.org/link/strict-mode-find-node
    at Wrap (https://into-introductory-screensavers-ecology.trycloudflare.com/node_modules/expo-router/entry.bundle?platform=web&dev=true&hot=false&transform.engine=hermes&transform.routerRoot=app&unstable_transformProfile=hermes-stable:250594:3)
    at GestureDetector (https://into-introductory-screensavers-ecology.trycloudflare.com/node_modules/expo-router/entry.bundle?platform=web&dev=true&hot=false&transform.engine=hermes&transform.routerRoot=app&unstable_transformProfile=hermes-stable:249556:51)
    at div
    at https://into-introductory-screensavers-ecology.trycloudflare.com/node_modules/expo-router/entry.bundle?platform=web&dev=true&hot=false&transform.engine=hermes&transform.routerRoot=app&unstable_transformProfile=hermes-stable:42236:27
    at CssInteropComponent (https://into-introductory-screensavers-ecology.trycloudflare.com/node_modules/expo-router/entry.bundle?platform=web&dev=true&hot=false&transform.engine=hermes&transform.routerRoot=app&unstable_transformProfile=hermes-stable:35165:10)
    at OTPScreen (https://into-introductory-screensavers-ecology.trycloudflare.com/node_modules/expo-router/entry.bundle?platform=web&dev=true&hot=false&transform.engine=hermes&transform.routerRoot=app&unstable_transformProfile=hermes-stable:238712:46)
    at Suspense
    at Route (https://into-introductory-screensavers-ecology.trycloudflare.com/node_modules/expo-router/entry.bundle?platform=web&dev=true&hot=false&transform.engine=hermes&transform.routerRoot=app&unstable_transformProfile=hermes-stable:64841:5)
    at https://into-introductory-screensavers-ecology.trycloudflare.com/node_modules/expo-router/entry.bundle?platform=web&dev=true&hot=false&transform.engine=hermes&transform.routerRoot=app&unstable_transformProfile=hermes-stable:65179:7
    at StaticContainer (https://into-introductory-screensavers-ecology.trycloudflare.com/node_modules/expo-router/entry.bundle?platform=web&dev=true&hot=false&transform.engine=hermes&transform.routerRoot=app&unstable_transformProfile=hermes-stable:71856:18)
    at EnsureSingleNavigator (https://into-introductory-screensavers-ecology.trycloudflare.com/node_modules/expo-router/entry.bundle?platform=web&dev=true&hot=false&transform.engine=hermes&transform.routerRoot=app&unstable_transformProfile=hermes-stable:67685:5)
    at SceneView (https://into-introductory-screensavers-ecology.trycloudflare.com/node_modules/expo-router/entry.bundle?platform=web&dev=true&hot=false&transform.engine=hermes&transform.routerRoot=app&unstable_transformProfile=hermes-stable:71682:5)
    at div
    at https://into-introductory-screensavers-ecology.trycloudflare.com/node_modules/expo-router/entry.bundle?platform=web&dev=true&hot=false&transform.engine=hermes&transform.routerRoot=app&unstable_transformProfile=hermes-stable:42236:27
    at AnimatedHeaderHeightProvider (https://into-introductory-screensavers-ecology.trycloudflare.com/node_modules/expo-router/entry.bundle?platform=web&dev=true&hot=false&transform.engine=hermes&transform.routerRoot=app&unstable_transformProfile=hermes-stable:88810:5)
    at div
    at https://into-introductory-screensavers-ecology.trycloudflare.com/node_modules/expo-router/entry.bundle?platform=web&dev=true&hot=false&transform.engine=hermes&transform.routerRoot=app&unstable_transformProfile=hermes-stable:42236:27
    at div
    at https://into-introductory-screensavers-ecology.trycloudflare.com/node_modules/expo-router/entry.bundle?platform=web&dev=true&hot=false&transform.engine=hermes&transform.routerRoot=app&unstable_transformProfile=hermes-stable:42236:27
    at https://into-introductory-screensavers-ecology.trycloudflare.com/node_modules/expo-router/entry.bundle?platform=web&dev=true&hot=false&transform.engine=hermes&transform.routerRoot=app&unstable_transformProfile=hermes-stable:48417:62
    at Background (https://into-introductory-screensavers-ecology.trycloudflare.com/node_modules/expo-router/entry.bundle?platform=web&dev=true&hot=false&transform.engine=hermes&transform.routerRoot=app&unstable_transformProfile=hermes-stable:75271:5)
    at Screen (https://into-introductory-screensavers-ecology.trycloudflare.com/node_modules/expo-router/entry.bundle?platform=web&dev=true&hot=false&transform.engine=hermes&transform.routerRoot=app&unstable_transformProfile=hermes-stable:79073:70)
    at div
    at https://into-introductory-screensavers-ecology.trycloudflare.com/node_modules/expo-router/entry.bundle?platform=web&dev=true&hot=false&transform.engine=hermes&transform.routerRoot=app&unstable_transformProfile=hermes-stable:42236:27
    at FrameSizeProvider (https://into-introductory-screensavers-ecology.trycloudflare.com/node_modules/expo-router/entry.bundle?platform=web&dev=true&hot=false&transform.engine=hermes&transform.routerRoot=app&unstable_transformProfile=hermes-stable:77835:5)
    at SafeAreaProviderCompat (https://into-introductory-screensavers-ecology.trycloudflare.com/node_modules/expo-router/entry.bundle?platform=web&dev=true&hot=false&transform.engine=hermes&transform.routerRoot=app&unstable_transformProfile=hermes-stable:79012:5)
    at NativeStackView (https://into-introductory-screensavers-ecology.trycloudflare.com/node_modules/expo-router/entry.bundle?platform=web&dev=true&hot=false&transform.engine=hermes&transform.routerRoot=app&unstable_transformProfile=hermes-stable:88709:5)
    at PreventRemoveProvider (https://into-introductory-screensavers-ecology.trycloudflare.com/node_modules/expo-router/entry.bundle?platform=web&dev=true&hot=false&transform.engine=hermes&transform.routerRoot=app&unstable_transformProfile=hermes-stable:70152:5)
    at NavigationStateListenerProvider (https://into-introductory-screensavers-ecology.trycloudflare.com/node_modules/expo-router/entry.bundle?platform=web&dev=true&hot=false&transform.engine=hermes&transform.routerRoot=app&unstable_transformProfile=hermes-stable:72288:5)
    at NavigationContent (https://into-introductory-screensavers-ecology.trycloudflare.com/node_modules/expo-router/entry.bundle?platform=web&dev=true&hot=false&transform.engine=hermes&transform.routerRoot=app&unstable_transformProfile=hermes-stable:71414:5)
    at https://into-introductory-screensavers-ecology.trycloudflare.com/node_modules/expo-router/entry.bundle?platform=web&dev=true&hot=false&transform.engine=hermes&transform.routerRoot=app&unstable_transformProfile=hermes-stable:71430:7
    at NativeStackNavigator (https://into-introductory-screensavers-ecology.trycloudflare.com/node_modules/expo-router/entry.bundle?platform=web&dev=true&hot=false&transform.engine=hermes&transform.routerRoot=app&unstable_transformProfile=hermes-stable:88519:5)
    at https://into-introductory-screensavers-ecology.trycloudflare.com/node_modules/expo-router/entry.bundle?platform=web&dev=true&hot=false&transform.engine=hermes&transform.routerRoot=app&unstable_transformProfile=hermes-stable:64738:17
    at AuthLayout
    at Suspense
    at Route (https://into-introductory-screensavers-ecology.trycloudflare.com/node_modules/expo-router/entry.bundle?platform=web&dev=true&hot=false&transform.engine=hermes&transform.routerRoot=app&unstable_transformProfile=hermes-stable:64841:5)
    at https://into-introductory-screensavers-ecology.trycloudflare.com/node_modules/expo-router/entry.bundle?platform=web&dev=true&hot=false&transform.engine=hermes&transform.routerRoot=app&unstable_transformProfile=hermes-stable:65179:7
    at StaticContainer (https://into-introductory-screensavers-ecology.trycloudflare.com/node_modules/expo-router/entry.bundle?platform=web&dev=true&hot=false&transform.engine=hermes&transform.routerRoot=app&unstable_transformProfile=hermes-stable:71856:18)
    at EnsureSingleNavigator (https://into-introductory-screensavers-ecology.trycloudflare.com/node_modules/expo-router/entry.bundle?platform=web&dev=true&hot=false&transform.engine=hermes&transform.routerRoot=app&unstable_transformProfile=hermes-stable:67685:5)
    at SceneView (https://into-introductory-screensavers-ecology.trycloudflare.com/node_modules/expo-router/entry.bundle?platform=web&dev=true&hot=false&transform.engine=hermes&transform.routerRoot=app&unstable_transformProfile=hermes-stable:71682:5)
    at div
    at https://into-introductory-screensavers-ecology.trycloudflare.com/node_modules/expo-router/entry.bundle?platform=web&dev=true&hot=false&transform.engine=hermes&transform.routerRoot=app&unstable_transformProfile=hermes-stable:42236:27
    at AnimatedHeaderHeightProvider (https://into-introductory-screensavers-ecology.trycloudflare.com/node_modules/expo-router/entry.bundle?platform=web&dev=true&hot=false&transform.engine=hermes&transform.routerRoot=app&unstable_transformProfile=hermes-stable:88810:5)
    at div
    at https://into-introductory-screensavers-ecology.trycloudflare.com/node_modules/expo-router/entry.bundle?platform=web&dev=true&hot=false&transform.engine=hermes&transform.routerRoot=app&unstable_transformProfile=hermes-stable:42236:27
    at div
    at https://into-introductory-screensavers-ecology.trycloudflare.com/node_modules/expo-router/entry.bundle?platform=web&dev=true&hot=false&transform.engine=hermes&transform.routerRoot=app&unstable_transformProfile=hermes-stable:42236:27
    at https://into-introductory-screensavers-ecology.trycloudflare.com/node_modules/expo-router/entry.bundle?platform=web&dev=true&hot=false&transform.engine=hermes&transform.routerRoot=app&unstable_transformProfile=hermes-stable:48417:62
    at Background (https://into-introductory-screensavers-ecology.trycloudflare.com/node_modules/expo-router/entry.bundle?platform=web&dev=true&hot=false&transform.engine=hermes&transform.routerRoot=app&unstable_transformProfile=hermes-stable:75271:5)
    at Screen (https://into-introductory-screensavers-ecology.trycloudflare.com/node_modules/expo-router/entry.bundle?platform=web&dev=true&hot=false&transform.engine=hermes&transform.routerRoot=app&unstable_transformProfile=hermes-stable:79073:70)
    at div
    at https://into-introductory-screensavers-ecology.trycloudflare.com/node_modules/expo-router/entry.bundle?platform=web&dev=true&hot=false&transform.engine=hermes&transform.routerRoot=app&unstable_transformProfile=hermes-stable:42236:27
    at FrameSizeProvider (https://into-introductory-screensavers-ecology.trycloudflare.com/node_modules/expo-router/entry.bundle?platform=web&dev=true&hot=false&transform.engine=hermes&transform.routerRoot=app&unstable_transformProfile=hermes-stable:77835:5)
    at SafeAreaProviderCompat (https://into-introductory-screensavers-ecology.trycloudflare.com/node_modules/expo-router/entry.bundle?platform=web&dev=true&hot=false&transform.engine=hermes&transform.routerRoot=app&unstable_transformProfile=hermes-stable:79012:5)
    at NativeStackView (https://into-introductory-screensavers-ecology.trycloudflare.com/node_modules/expo-router/entry.bundle?platform=web&dev=true&hot=false&transform.engine=hermes&transform.routerRoot=app&unstable_transformProfile=hermes-stable:88709:5)
    at PreventRemoveProvider (https://into-introductory-screensavers-ecology.trycloudflare.com/node_modules/expo-router/entry.bundle?platform=web&dev=true&hot=false&transform.engine=hermes&transform.routerRoot=app&unstable_transformProfile=hermes-stable:70152:5)
    at NavigationStateListenerProvider (https://into-introductory-screensavers-ecology.trycloudflare.com/node_modules/expo-router/entry.bundle?platform=web&dev=true&hot=false&transform.engine=hermes&transform.routerRoot=app&unstable_transformProfile=hermes-stable:72288:5)
    at NavigationContent (https://into-introductory-screensavers-ecology.trycloudflare.com/node_modules/expo-router/entry.bundle?platform=web&dev=true&hot=false&transform.engine=hermes&transform.routerRoot=app&unstable_transformProfile=hermes-stable:71414:5)
    at https://into-introductory-screensavers-ecology.trycloudflare.com/node_modules/expo-router/entry.bundle?platform=web&dev=true&hot=false&transform.engine=hermes&transform.routerRoot=app&unstable_transformProfile=hermes-stable:71430:7
    at NativeStackNavigator (https://into-introductory-screensavers-ecology.trycloudflare.com/node_modules/expo-router/entry.bundle?platform=web&dev=true&hot=false&transform.engine=hermes&transform.routerRoot=app&unstable_transformProfile=hermes-stable:88519:5)
    at https://into-introductory-screensavers-ecology.trycloudflare.com/node_modules/expo-router/entry.bundle?platform=web&dev=true&hot=false&transform.engine=hermes&transform.routerRoot=app&unstable_transformProfile=hermes-stable:64738:17
    at div
    at https://into-introductory-screensavers-ecology.trycloudflare.com/node_modules/expo-router/entry.bundle?platform=web&dev=true&hot=false&transform.engine=hermes&transform.routerRoot=app&unstable_transformProfile=hermes-stable:42236:27
    at CssInteropComponent (https://into-introductory-screensavers-ecology.trycloudflare.com/node_modules/expo-router/entry.bundle?platform=web&dev=true&hot=false&transform.engine=hermes&transform.routerRoot=app&unstable_transformProfile=hermes-stable:35165:10)
    at NativeSafeAreaProvider (https://into-introductory-screensavers-ecology.trycloudflare.com/node_modules/expo-router/entry.bundle?platform=web&dev=true&hot=false&transform.engine=hermes&transform.routerRoot=app&unstable_transformProfile=hermes-stable:61267:5)
    at SafeAreaProvider (https://into-introductory-screensavers-ecology.trycloudflare.com/node_modules/expo-router/entry.bundle?platform=web&dev=true&hot=false&transform.engine=hermes&transform.routerRoot=app&unstable_transformProfile=hermes-stable:60970:5)
    at div
    at https://into-introductory-screensavers-ecology.trycloudflare.com/node_modules/expo-router/entry.bundle?platform=web&dev=true&hot=false&transform.engine=hermes&transform.routerRoot=app&unstable_transformProfile=hermes-stable:42236:27
    at CssInteropComponent (https://into-introductory-screensavers-ecology.trycloudflare.com/node_modules/expo-router/entry.bundle?platform=web&dev=true&hot=false&transform.engine=hermes&transform.routerRoot=app&unstable_transformProfile=hermes-stable:35165:10)
    at GestureHandlerRootView (https://into-introductory-screensavers-ecology.trycloudflare.com/node_modules/expo-router/entry.bundle?platform=web&dev=true&hot=false&transform.engine=hermes&transform.routerRoot=app&unstable_transformProfile=hermes-stable:248634:5)
    at QueryClientProvider (https://into-introductory-screensavers-ecology.trycloudflare.com/node_modules/expo-router/entry.bundle?platform=web&dev=true&hot=false&transform.engine=hermes&transform.routerRoot=app&unstable_transformProfile=hermes-stable:225682:5)
    at QueryProvider (https://into-introductory-screensavers-ecology.trycloudflare.com/node_modules/expo-router/entry.bundle?platform=web&dev=true&hot=false&transform.engine=hermes&transform.routerRoot=app&unstable_transformProfile=hermes-stable:280493:5)
    at ErrorBoundary (https://into-introductory-screensavers-ecology.trycloudflare.com/node_modules/expo-router/entry.bundle?platform=web&dev=true&hot=false&transform.engine=hermes&transform.routerRoot=app&unstable_transformProfile=hermes-stable:186978:7)
    at RootLayoutInner (https://into-introductory-screensavers-ecology.trycloudflare.com/node_modules/expo-router/entry.bundle?platform=web&dev=true&hot=false&transform.engine=hermes&transform.routerRoot=app&unstable_transformProfile=hermes-stable:279385:61)
    at FeedbackWidgetProvider (https://into-introductory-screensavers-ecology.trycloudflare.com/node_modules/expo-router/entry.bundle?platform=web&dev=true&hot=false&transform.engine=hermes&transform.routerRoot=app&unstable_transformProfile=hermes-stable:183764:7)
    at ReactNativeProfiler (https://into-introductory-screensavers-ecology.trycloudflare.com/node_modules/expo-router/entry.bundle?platform=web&dev=true&hot=false&transform.engine=hermes&transform.routerRoot=app&unstable_transformProfile=hermes-stable:185631:7)
    at div
    at https://into-introductory-screensavers-ecology.trycloudflare.com/node_modules/expo-router/entry.bundle?platform=web&dev=true&hot=false&transform.engine=hermes&transform.routerRoot=app&unstable_transformProfile=hermes-stable:42236:27
    at TouchEventBoundary (https://into-introductory-screensavers-ecology.trycloudflare.com/node_modules/expo-router/entry.bundle?platform=web&dev=true&hot=false&transform.engine=hermes&transform.routerRoot=app&unstable_transformProfile=hermes-stable:185939:7)
    at RootApp
    at Suspense
    at Route (https://into-introductory-screensavers-ecology.trycloudflare.com/node_modules/expo-router/entry.bundle?platform=web&dev=true&hot=false&transform.engine=hermes&transform.routerRoot=app&unstable_transformProfile=hermes-stable:64841:5)
    at https://into-introductory-screensavers-ecology.trycloudflare.com/node_modules/expo-router/entry.bundle?platform=web&dev=true&hot=false&transform.engine=hermes&transform.routerRoot=app&unstable_transformProfile=hermes-stable:65179:7
    at div
    at https://into-introductory-screensavers-ecology.trycloudflare.com/node_modules/expo-router/entry.bundle?platform=web&dev=true&hot=false&transform.engine=hermes&transform.routerRoot=app&unstable_transformProfile=hermes-stable:42236:27
    at CssInteropComponent (https://into-introductory-screensavers-ecology.trycloudflare.com/node_modules/expo-router/entry.bundle?platform=web&dev=true&hot=false&transform.engine=hermes&transform.routerRoot=app&unstable_transformProfile=hermes-stable:35165:10)
    at NativeSafeAreaProvider (https://into-introductory-screensavers-ecology.trycloudflare.com/node_modules/expo-router/entry.bundle?platform=web&dev=true&hot=false&transform.engine=hermes&transform.routerRoot=app&unstable_transformProfile=hermes-stable:61267:5)
    at SafeAreaProvider (https://into-introductory-screensavers-ecology.trycloudflare.com/node_modules/expo-router/entry.bundle?platform=web&dev=true&hot=false&transform.engine=hermes&transform.routerRoot=app&unstable_transformProfile=hermes-stable:60970:5)
    at wrapper (https://into-introductory-screensavers-ecology.trycloudflare.com/node_modules/expo-router/entry.bundle?platform=web&dev=true&hot=false&transform.engine=hermes&transform.routerRoot=app&unstable_transformProfile=hermes-stable:89192:7)
    at ThemeProvider (https://into-introductory-screensavers-ecology.trycloudflare.com/node_modules/expo-router/entry.bundle?platform=web&dev=true&hot=false&transform.engine=hermes&transform.routerRoot=app&unstable_transformProfile=hermes-stable:67818:5)
    at EnsureSingleNavigator (https://into-introductory-screensavers-ecology.trycloudflare.com/node_modules/expo-router/entry.bundle?platform=web&dev=true&hot=false&transform.engine=hermes&transform.routerRoot=app&unstable_transformProfile=hermes-stable:67685:5)
    at BaseNavigationContainer (https://into-introductory-screensavers-ecology.trycloudflare.com/node_modules/expo-router/entry.bundle?platform=web&dev=true&hot=false&transform.engine=hermes&transform.routerRoot=app&unstable_transformProfile=hermes-stable:65895:5)
    at NavigationContainerInner (https://into-introductory-screensavers-ecology.trycloudflare.com/node_modules/expo-router/entry.bundle?platform=web&dev=true&hot=false&transform.engine=hermes&transform.routerRoot=app&unstable_transformProfile=hermes-stable:89360:5)
    at ContextNavigator (https://into-introductory-screensavers-ecology.trycloudflare.com/node_modules/expo-router/entry.bundle?platform=web&dev=true&hot=false&transform.engine=hermes&transform.routerRoot=app&unstable_transformProfile=hermes-stable:89215:5)
    at ExpoRoot (https://into-introductory-screensavers-ecology.trycloudflare.com/node_modules/expo-router/entry.bundle?platform=web&dev=true&hot=false&transform.engine=hermes&transform.routerRoot=app&unstable_transformProfile=hermes-stable:89183:14)
    at _HelmetProvider (https://into-introductory-screensavers-ecology.trycloudflare.com/node_modules/expo-router/entry.bundle?platform=web&dev=true&hot=false&transform.engine=hermes&transform.routerRoot=app&unstable_transformProfile=hermes-stable:293485:7)
    at App
    at LogBoxStateSubscription (https://into-introductory-screensavers-ecology.trycloudflare.com/node_modules/expo-router/entry.bundle?platform=web&dev=true&hot=false&transform.engine=hermes&transform.routerRoot=app&unstable_transformProfile=hermes-stable:3952:9)
    at ErrorOverlay
    at withDevTools(ErrorOverlay)
    at AppContainer (https://into-introductory-screensavers-ecology.trycloudflare.com/node_modules/expo-router/entry.bundle?platform=web&dev=true&hot=false&transform.engine=hermes&transform.routerRoot=app&unstable_transformProfile=hermes-stable:54938:5) @ https://into-introductory-screensavers-ecology.trycloudflare.com/node_modules/expo-router/entry.bundle?platform=web&dev=true&hot=false&transform.engine=hermes&transform.routerRoot=app&unstable_transformProfile=hermes-stable:3609
[    1367ms] [WARNING] Animated: `useNativeDriver` is not supported because the native animated module is missing. Falling back to JS-based animation. To resolve this, add `RCTAnimation` module to this app, or remove `useNativeDriver`. Make sure to run `bundle exec pod install` first. Read more about autolinking: https://github.com/react-native-community/cli/blob/master/docs/autolinking.md @ https://into-introductory-screensavers-ecology.trycloudflare.com/node_modules/expo-router/entry.bundle?platform=web&dev=true&hot=false&transform.engine=hermes&transform.routerRoot=app&unstable_transformProfile=hermes-stable:50143
[    1388ms] [ERROR] Access to fetch at 'https://clients3.google.com/generate_204' from origin 'https://into-introductory-screensavers-ecology.trycloudflare.com' has been blocked by CORS policy: No 'Access-Control-Allow-Origin' header is present on the requested resource. @ https://into-introductory-screensavers-ecology.trycloudflare.com/otp:0
[    1388ms] [ERROR] Failed to load resource: net::ERR_FAILED @ https://clients3.google.com/generate_204:0
[   16393ms] [ERROR] Access to fetch at 'https://clients3.google.com/generate_204' from origin 'https://into-introductory-screensavers-ecology.trycloudflare.com' has been blocked by CORS policy: No 'Access-Control-Allow-Origin' header is present on the requested resource. @ https://into-introductory-screensavers-ecology.trycloudflare.com/otp:0
[   16393ms] [ERROR] Failed to load resource: net::ERR_FAILED @ https://clients3.google.com/generate_204:0
[   31393ms] [ERROR] Access to fetch at 'https://clients3.google.com/generate_204' from origin 'https://into-introductory-screensavers-ecology.trycloudflare.com' has been blocked by CORS policy: No 'Access-Control-Allow-Origin' header is present on the requested resource. @ https://into-introductory-screensavers-ecology.trycloudflare.com/otp:0
[   31393ms] [ERROR] Failed to load resource: net::ERR_FAILED @ https://clients3.google.com/generate_204:0
