[     757ms] [WARNING] "shadow*" style props are deprecated. Use "boxShadow". @ https://into-introductory-screensavers-ecology.trycloudflare.com/node_modules/expo-router/entry.bundle?platform=web&dev=true&hot=false&transform.engine=hermes&transform.routerRoot=app&unstable_transformProfile=hermes-stable:40238
[     788ms] Error: Cannot manually set color scheme, as dark mode is type 'media'. Please use StyleSheet.setFlag('darkMode', 'class')
    at Object.set (https://into-introductory-screensavers-ecology.trycloudflare.com/node_modules/expo-router/entry.bundle?platform=web&dev=true&hot=false&transform.engine=hermes&transform.routerRoot=app&unstable_transformProfile=hermes-stable:60653:15)
    at MutationObserver.observe.attributes (https://into-introductory-screensavers-ecology.trycloudflare.com/node_modules/expo-router/entry.bundle?platform=web&dev=true&hot=false&transform.engine=hermes&transform.routerRoot=app&unstable_transformProfile=hermes-stable:60639:27)
[     791ms] [WARNING] App Start Span could not be finished. `Sentry.wrap` was called before `Sentry.init`. @ https://into-introductory-screensavers-ecology.trycloudflare.com/node_modules/expo-router/entry.bundle?platform=web&dev=true&hot=false&transform.engine=hermes&transform.routerRoot=app&unstable_transformProfile=hermes-stable:185651
[     951ms] [WARNING] Animated: `useNativeDriver` is not supported because the native animated module is missing. Falling back to JS-based animation. To resolve this, add `RCTAnimation` module to this app, or remove `useNativeDriver`. Make sure to run `bundle exec pod install` first. Read more about autolinking: https://github.com/react-native-community/cli/blob/master/docs/autolinking.md @ https://into-introductory-screensavers-ecology.trycloudflare.com/node_modules/expo-router/entry.bundle?platform=web&dev=true&hot=false&transform.engine=hermes&transform.routerRoot=app&unstable_transformProfile=hermes-stable:50143
[     970ms] [ERROR] Access to fetch at 'https://clients3.google.com/generate_204' from origin 'https://into-introductory-screensavers-ecology.trycloudflare.com' has been blocked by CORS policy: No 'Access-Control-Allow-Origin' header is present on the requested resource. @ https://into-introductory-screensavers-ecology.trycloudflare.com/processing:0
[     970ms] [ERROR] Failed to load resource: net::ERR_FAILED @ https://clients3.google.com/generate_204:0
[    6012ms] UnavailabilityError: The method or property Haptics.notificationAsync is not available on web, are you sure you've linked all the native dependencies properly?
    at Object.notificationAsync (https://into-introductory-screensavers-ecology.trycloudflare.com/node_modules/expo-router/entry.bundle?platform=web&dev=true&hot=false&transform.engine=hermes&transform.routerRoot=app&unstable_transformProfile=hermes-stable:129286:13)
    at https://into-introductory-screensavers-ecology.trycloudflare.com/node_modules/expo-router/entry.bundle?platform=web&dev=true&hot=false&transform.engine=hermes&transform.routerRoot=app&unstable_transformProfile=hermes-stable:266194:15
    at commitHookEffectListMount (https://into-introductory-screensavers-ecology.trycloudflare.com/node_modules/expo-router/entry.bundle?platform=web&dev=true&hot=false&transform.engine=hermes&transform.routerRoot=app&unstable_transformProfile=hermes-stable:27613:32)
    at commitPassiveMountOnFiber (https://into-introductory-screensavers-ecology.trycloudflare.com/node_modules/expo-router/entry.bundle?platform=web&dev=true&hot=false&transform.engine=hermes&transform.routerRoot=app&unstable_transformProfile=hermes-stable:29106:19)
    at commitPassiveMountEffects_complete (https://into-introductory-screensavers-ecology.trycloudflare.com/node_modules/expo-router/entry.bundle?platform=web&dev=true&hot=false&transform.engine=hermes&transform.routerRoot=app&unstable_transformProfile=hermes-stable:29078:15)
    at commitPassiveMountEffects_begin (https://into-introductory-screensavers-ecology.trycloudflare.com/node_modules/expo-router/entry.bundle?platform=web&dev=true&hot=false&transform.engine=hermes&transform.routerRoot=app&unstable_transformProfile=hermes-stable:29068:13)
    at commitPassiveMountEffects (https://into-introductory-screensavers-ecology.trycloudflare.com/node_modules/expo-router/entry.bundle?platform=web&dev=true&hot=false&transform.engine=hermes&transform.routerRoot=app&unstable_transformProfile=hermes-stable:29058:9)
    at flushPassiveEffectsImpl (https://into-introductory-screensavers-ecology.trycloudflare.com/node_modules/expo-router/entry.bundle?platform=web&dev=true&hot=false&transform.engine=hermes&transform.routerRoot=app&unstable_transformProfile=hermes-stable:30941:9)
    at flushPassiveEffects (https://into-introductory-screensavers-ecology.trycloudflare.com/node_modules/expo-router/entry.bundle?platform=web&dev=true&hot=false&transform.engine=hermes&transform.routerRoot=app&unstable_transformProfile=hermes-stable:30894:20)
    at commitRootImpl (https://into-introductory-screensavers-ecology.trycloudflare.com/node_modules/expo-router/entry.bundle?platform=web&dev=true&hot=false&transform.engine=hermes&transform.routerRoot=app&unstable_transformProfile=hermes-stable:30853:11)
    at commitRoot (https://into-introductory-screensavers-ecology.trycloudflare.com/node_modules/expo-router/entry.bundle?platform=web&dev=true&hot=false&transform.engine=hermes&transform.routerRoot=app&unstable_transformProfile=hermes-stable:30636:11)
    at performSyncWorkOnRoot (https://into-introductory-screensavers-ecology.trycloudflare.com/node_modules/expo-router/entry.bundle?platform=web&dev=true&hot=false&transform.engine=hermes&transform.routerRoot=app&unstable_transformProfile=hermes-stable:30145:9)
    at flushSyncCallbacks (https://into-introductory-screensavers-ecology.trycloudflare.com/node_modules/expo-router/entry.bundle?platform=web&dev=true&hot=false&transform.engine=hermes&transform.routerRoot=app&unstable_transformProfile=hermes-stable:18115:28)
    at https://into-introductory-screensavers-ecology.trycloudflare.com/node_modules/expo-router/entry.bundle?platform=web&dev=true&hot=false&transform.engine=hermes&transform.routerRoot=app&unstable_transformProfile=hermes-stable:29750:19
[   15973ms] [ERROR] Access to fetch at 'https://clients3.google.com/generate_204' from origin 'https://into-introductory-screensavers-ecology.trycloudflare.com' has been blocked by CORS policy: No 'Access-Control-Allow-Origin' header is present on the requested resource. @ https://into-introductory-screensavers-ecology.trycloudflare.com/success?amount=32%2C175&method=UPI&transactionId=SEC02485683&cashback=350:0
[   15974ms] [ERROR] Failed to load resource: net::ERR_FAILED @ https://clients3.google.com/generate_204:0
[   30972ms] [ERROR] Access to fetch at 'https://clients3.google.com/generate_204' from origin 'https://into-introductory-screensavers-ecology.trycloudflare.com' has been blocked by CORS policy: No 'Access-Control-Allow-Origin' header is present on the requested resource. @ https://into-introductory-screensavers-ecology.trycloudflare.com/success?amount=32%2C175&method=UPI&transactionId=SEC02485683&cashback=350:0
[   30972ms] [ERROR] Failed to load resource: net::ERR_FAILED @ https://clients3.google.com/generate_204:0
[   45987ms] [ERROR] Access to fetch at 'https://clients3.google.com/generate_204' from origin 'https://into-introductory-screensavers-ecology.trycloudflare.com' has been blocked by CORS policy: No 'Access-Control-Allow-Origin' header is present on the requested resource. @ https://into-introductory-screensavers-ecology.trycloudflare.com/success?amount=32%2C175&method=UPI&transactionId=SEC02485683&cashback=350:0
[   45987ms] [ERROR] Failed to load resource: net::ERR_FAILED @ https://clients3.google.com/generate_204:0
