// Jest Snapshot v1, https://goo.gl/fbAQLP

exports[`BetaSplashScreen renders correctly 1`] = `
<View
  style={
    [
      {
        "backgroundColor": "#131313",
        "flex": 1,
      },
      {
        "backgroundColor": "#131313",
      },
    ]
  }
  testID="beta-splash-screen"
>
  <View
    edges={
      [
        "left",
        "right",
      ]
    }
    style={
      {
        "flex": 1,
      }
    }
  >
    <View
      style={
        [
          {
            "flex": 1,
          },
          false,
        ]
      }
    >
      <View
        style={
          {
            "alignItems": "center",
            "flex": 1,
            "justifyContent": "center",
          }
        }
      >
        <View
          style={
            [
              {
                "marginBottom": 12,
              },
              {
                "opacity": 0,
                "transform": [
                  {
                    "scale": 0.8,
                  },
                ],
              },
            ]
          }
        >
          <View
            accessibilityLabel="Flent logo"
            accessibilityRole="image"
            style={
              [
                {
                  "alignItems": "center",
                  "justifyContent": "center",
                },
                {
                  "height": 40,
                  "width": 33.375,
                },
              ]
            }
          >
            <Svg
              fill="none"
              height={40}
              viewBox="0 0 34 40"
              width={33.375}
            >
              <Path
                d="M12.4751 40H3.72631V21.2062H0V16.0217H3.72631C1.65252 7.98576 7.50667 3.16855 10.693 1.76445C20.025 -3.16081 29.7028 3.38457 33.3751 7.27293V40H24.6263V11.6473C19.5714 3.35216 13.2312 5.27474 10.693 7.27293C7.45266 12.8463 12.0431 15.4277 14.7433 16.0217H19.2798V21.2062H12.4751V40Z"
                fill="#FFFFFF"
              />
            </Svg>
          </View>
        </View>
        <View
          style={
            [
              {
                "alignItems": "center",
                "backgroundColor": "#FF9A6D",
                "borderRadius": 4,
                "flexDirection": "row",
                "justifyContent": "center",
                "paddingHorizontal": 8,
                "paddingVertical": 4,
              },
              {
                "opacity": 0,
                "transform": [
                  {
                    "translateY": 10,
                  },
                ],
              },
            ]
          }
        >
          <Text
            allowFontScaling={true}
            maxFontSizeMultiplier={1.2}
            style={
              [
                {
                  "color": "#FFFFFF",
                  "fontFamily": "PlusJakartaSans-Medium",
                  "fontSize": 13.799999999999999,
                  "letterSpacing": 0,
                  "lineHeight": 23,
                  "textAlign": "left",
                },
                {
                  "color": "#000000",
                  "letterSpacing": -0.2,
                  "textAlign": "center",
                },
              ]
            }
          >
            BETA LAUNCH
          </Text>
        </View>
      </View>
    </View>
  </View>
</View>
`;
