// Jest Snapshot v1, https://goo.gl/fbAQLP

exports[`SignUpScreen rendering renders correctly and matches snapshot 1`] = `
<View
  style={
    [
      {
        "backgroundColor": "#131313",
        "flex": 1,
      },
      undefined,
    ]
  }
  testID="sign-up-screen"
>
  <View
    edges={
      [
        "bottom",
        "left",
        "right",
      ]
    }
    style={
      {
        "flex": 1,
      }
    }
  >
    <View
      style={
        [
          {
            "flex": 1,
          },
          false,
        ]
      }
    >
      <View
        onLayout={[Function]}
        style={
          [
            {
              "flex": 1,
            },
            {
              "paddingBottom": 0,
            },
          ]
        }
      >
        <RCTScrollView
          contentContainerStyle={
            {
              "flexGrow": 1,
              "paddingBottom": 469.5,
            }
          }
          keyboardShouldPersistTaps="handled"
          showsVerticalScrollIndicator={false}
        >
          <View>
            <View
              style={
                {
                  "alignItems": "center",
                  "flex": 1,
                  "paddingHorizontal": 91.5,
                  "paddingTop": 158,
                }
              }
            >
              <View
                style={
                  {
                    "flexDirection": "column",
                    "gap": 48,
                    "width": 567,
                  }
                }
              >
                <View
                  accessibilityLabel="Flent logo"
                  accessibilityRole="image"
                  style={
                    [
                      {
                        "alignItems": "center",
                        "justifyContent": "center",
                      },
                      {
                        "height": 38.4,
                        "width": 32.04,
                      },
                    ]
                  }
                >
                  <Svg
                    fill="none"
                    height={38.4}
                    viewBox="0 0 34 40"
                    width={32.04}
                  >
                    <Path
                      d="M12.4751 40H3.72631V21.2062H0V16.0217H3.72631C1.65252 7.98576 7.50667 3.16855 10.693 1.76445C20.025 -3.16081 29.7028 3.38457 33.3751 7.27293V40H24.6263V11.6473C19.5714 3.35216 13.2312 5.27474 10.693 7.27293C7.45266 12.8463 12.0431 15.4277 14.7433 16.0217H19.2798V21.2062H12.4751V40Z"
                      fill="#FFFFFF"
                    />
                  </Svg>
                </View>
                <Text
                  allowFontScaling={true}
                  maxFontSizeMultiplier={1.2}
                  style={
                    [
                      {
                        "color": "#FFFFFF",
                        "fontFamily": "PlusJakartaSans-Regular",
                        "fontSize": 18.4,
                        "letterSpacing": 0,
                        "lineHeight": 27.599999999999998,
                        "textAlign": "left",
                      },
                      {
                        "color": "#A9A9A9",
                        "fontFamily": "PlusJakartaSans-Regular",
                        "fontSize": 48,
                        "fontWeight": "400",
                        "letterSpacing": -2,
                        "lineHeight": 64,
                        "width": 567,
                      },
                    ]
                  }
                >
                  Let's get to
                  

                  <Text
                    allowFontScaling={true}
                    maxFontSizeMultiplier={1.2}
                    style={
                      [
                        undefined,
                        {
                          "color": "#FF9A6D",
                        },
                      ]
                    }
                  >
                    know  you
                  </Text>
                </Text>
                <View
                  style={
                    {
                      "gap": 16,
                    }
                  }
                >
                  <View
                    style={
                      {
                        "width": "100%",
                      }
                    }
                  >
                    <View
                      style={
                        {
                          "alignItems": "center",
                          "flexDirection": "row",
                          "justifyContent": "space-between",
                          "marginBottom": 6,
                          "paddingHorizontal": 12,
                        }
                      }
                    >
                      <Text
                        allowFontScaling={true}
                        maxFontSizeMultiplier={1.2}
                        style={
                          [
                            {
                              "color": "#FFFFFF",
                              "fontFamily": "PlusJakartaSans-Regular",
                              "fontSize": 18.4,
                              "letterSpacing": 0,
                              "lineHeight": 27.599999999999998,
                              "textAlign": "left",
                            },
                            {
                              "color": "#A9A9A9",
                              "fontFamily": "PlusJakartaSans-Regular",
                              "fontSize": 12,
                              "lineHeight": 20,
                            },
                          ]
                        }
                      >
                        Phone
                      </Text>
                    </View>
                    <View
                      style={
                        [
                          {
                            "alignItems": "center",
                            "borderColor": "transparent",
                            "borderCurve": "continuous",
                            "borderRadius": 12,
                            "borderWidth": 1,
                            "flexDirection": "row",
                            "gap": 16,
                            "paddingHorizontal": 12,
                            "paddingVertical": 16,
                          },
                          {
                            "borderColor": "transparent",
                          },
                        ]
                      }
                    >
                      <View
                        accessibilityState={
                          {
                            "busy": undefined,
                            "checked": undefined,
                            "disabled": undefined,
                            "expanded": undefined,
                            "selected": undefined,
                          }
                        }
                        accessibilityValue={
                          {
                            "max": undefined,
                            "min": undefined,
                            "now": undefined,
                            "text": undefined,
                          }
                        }
                        accessible={true}
                        collapsable={false}
                        focusable={true}
                        hitSlop={
                          {
                            "bottom": 8,
                            "left": 8,
                            "right": 8,
                            "top": 8,
                          }
                        }
                        onBlur={[Function]}
                        onClick={[Function]}
                        onFocus={[Function]}
                        onResponderGrant={[Function]}
                        onResponderMove={[Function]}
                        onResponderRelease={[Function]}
                        onResponderTerminate={[Function]}
                        onResponderTerminationRequest={[Function]}
                        onStartShouldSetResponder={[Function]}
                        style={
                          {
                            "alignItems": "center",
                            "flexDirection": "row",
                            "gap": 4,
                          }
                        }
                      >
                        <Text
                          style={
                            {
                              "fontSize": 18,
                              "marginRight": 2,
                            }
                          }
                        >
                          🇮🇳
                        </Text>
                        <Text
                          style={
                            [
                              {
                                "fontFamily": "PlusJakartaSans-Regular",
                                "fontSize": 20,
                                "includeFontPadding": false,
                                "lineHeight": 32,
                              },
                              {
                                "color": "#444444",
                              },
                            ]
                          }
                        >
                          +91
                        </Text>
                        <Svg
                          fill="none"
                          height={16}
                          viewBox="0 0 16 16"
                          width={16}
                        >
                          <Path
                            d="M4 6L8 10L12 6"
                            stroke="#444444"
                            strokeLinecap="round"
                            strokeLinejoin="round"
                            strokeWidth={1.6}
                          />
                        </Svg>
                      </View>
                      <TextInput
                        accessibilityLabel="Phone"
                        accessibilityState={
                          {
                            "disabled": false,
                          }
                        }
                        editable={true}
                        keyboardType="phone-pad"
                        maxLength={11}
                        onBlur={[Function]}
                        onChangeText={[Function]}
                        onFocus={[Function]}
                        placeholder="Enter Number"
                        placeholderTextColor="#444444"
                        style={
                          [
                            {
                              "color": "#444444",
                              "flex": 1,
                              "fontFamily": "PlusJakartaSans-Regular",
                              "fontSize": 20,
                              "height": 32,
                              "includeFontPadding": false,
                              "margin": 0,
                              "padding": 0,
                              "textAlignVertical": "center",
                            },
                            false,
                            false,
                            undefined,
                          ]
                        }
                        testID="phone-input"
                        value=""
                      />
                    </View>
                  </View>
                  <View
                    style={
                      {
                        "width": "100%",
                      }
                    }
                  >
                    <View
                      style={
                        {
                          "alignItems": "center",
                          "flexDirection": "row",
                          "justifyContent": "space-between",
                          "marginBottom": 6,
                          "paddingHorizontal": 12,
                        }
                      }
                    >
                      <Text
                        allowFontScaling={true}
                        maxFontSizeMultiplier={1.2}
                        style={
                          [
                            {
                              "color": "#FFFFFF",
                              "fontFamily": "PlusJakartaSans-Regular",
                              "fontSize": 18.4,
                              "letterSpacing": 0,
                              "lineHeight": 27.599999999999998,
                              "textAlign": "left",
                            },
                            [
                              {
                                "fontFamily": "PlusJakartaSans-Regular",
                                "fontSize": 12,
                                "lineHeight": 20,
                              },
                              {
                                "color": "#A9A9A9",
                              },
                            ],
                          ]
                        }
                      >
                        Name
                      </Text>
                    </View>
                    <View
                      style={
                        [
                          {
                            "borderColor": "transparent",
                            "borderCurve": "continuous",
                            "borderRadius": 12,
                            "borderWidth": 1,
                            "paddingHorizontal": 12,
                            "paddingVertical": 16,
                          },
                          {
                            "borderColor": "transparent",
                            "borderWidth": 1,
                          },
                        ]
                      }
                    >
                      <TextInput
                        accessibilityLabel="Name"
                        accessibilityState={
                          {
                            "disabled": false,
                          }
                        }
                        autoCapitalize="words"
                        editable={true}
                        keyboardType="default"
                        onBlur={[Function]}
                        onChangeText={[Function]}
                        onFocus={[Function]}
                        placeholder="e.g. John Appleseed"
                        placeholderTextColor="#444444"
                        style={
                          [
                            {
                              "fontFamily": "PlusJakartaSans-Regular",
                              "fontSize": 20,
                              "height": 32,
                              "includeFontPadding": false,
                              "margin": 0,
                              "padding": 0,
                              "textAlignVertical": "center",
                            },
                            {
                              "color": "#444444",
                            },
                            false,
                            false,
                            undefined,
                          ]
                        }
                        testID="name-input"
                        value=""
                      />
                    </View>
                  </View>
                </View>
                <View
                  style={
                    {
                      "gap": 16,
                    }
                  }
                >
                  <View
                    accessibilityLabel="Get Started"
                    accessibilityRole="button"
                    accessibilityState={
                      {
                        "busy": undefined,
                        "checked": undefined,
                        "disabled": true,
                        "expanded": undefined,
                        "selected": undefined,
                      }
                    }
                    accessibilityValue={
                      {
                        "max": undefined,
                        "min": undefined,
                        "now": undefined,
                        "text": undefined,
                      }
                    }
                    accessible={true}
                    collapsable={false}
                    focusable={true}
                    onBlur={[Function]}
                    onClick={[Function]}
                    onFocus={[Function]}
                    onResponderGrant={[Function]}
                    onResponderMove={[Function]}
                    onResponderRelease={[Function]}
                    onResponderTerminate={[Function]}
                    onResponderTerminationRequest={[Function]}
                    onStartShouldSetResponder={[Function]}
                    style={
                      [
                        {
                          "alignItems": "center",
                        },
                        {
                          "width": "100%",
                        },
                        undefined,
                      ]
                    }
                    testID="get-started-button"
                  >
                    <View
                      style={
                        {
                          "alignItems": "center",
                          "gap": 8,
                          "width": "100%",
                        }
                      }
                    >
                      <View
                        style={
                          [
                            {
                              "backgroundColor": "#4D4D4D",
                              "borderRadius": 200,
                              "height": 2,
                              "width": 24,
                            },
                            {
                              "backgroundColor": undefined,
                            },
                          ]
                        }
                      />
                      <View
                        style={
                          {
                            "alignItems": "center",
                            "backgroundColor": "#202020",
                            "borderColor": "#202020",
                            "borderRadius": 12,
                            "borderWidth": 1,
                            "justifyContent": "center",
                            "padding": 16,
                            "width": "100%",
                          }
                        }
                      >
                        <Text
                          style={
                            {
                              "color": "#444444",
                              "fontFamily": "PlusJakartaSans-Medium",
                              "fontSize": 16,
                              "lineHeight": 24,
                              "textAlign": "center",
                            }
                          }
                        >
                          Get Started
                        </Text>
                      </View>
                    </View>
                  </View>
                  <View
                    testID="consent-toggle"
                  >
                    <RCTSwitch
                      accessibilityRole="switch"
                      onChange={[Function]}
                      onResponderTerminationRequest={[Function]}
                      onStartShouldSetResponder={[Function]}
                      style={
                        {
                          "alignSelf": "flex-start",
                        }
                      }
                      testID="consent-toggle-switch"
                      value={true}
                    />
                  </View>
                </View>
              </View>
            </View>
          </View>
        </RCTScrollView>
      </View>
    </View>
  </View>
</View>
`;
