// Jest Snapshot v1, https://goo.gl/fbAQLP

exports[`OTPInput handles empty string value 1`] = `
<View
  style={
    {
      "alignItems": "center",
      "width": "100%",
    }
  }
>
  <View
    accessibilityLabel="OTP input, 0 of 6 digits entered"
    accessibilityRole="none"
    accessibilityState={
      {
        "busy": undefined,
        "checked": undefined,
        "disabled": undefined,
        "expanded": undefined,
        "selected": undefined,
      }
    }
    accessibilityValue={
      {
        "max": undefined,
        "min": undefined,
        "now": undefined,
        "text": undefined,
      }
    }
    accessible={true}
    collapsable={false}
    focusable={true}
    onBlur={[Function]}
    onClick={[Function]}
    onFocus={[Function]}
    onResponderGrant={[Function]}
    onResponderMove={[Function]}
    onResponderRelease={[Function]}
    onResponderTerminate={[Function]}
    onResponderTerminationRequest={[Function]}
    onStartShouldSetResponder={[Function]}
    style={
      {
        "alignItems": "center",
        "flexDirection": "row",
        "justifyContent": "center",
      }
    }
  >
    <View
      style={
        {
          "flexDirection": "row",
          "gap": 15.5,
        }
      }
    >
      <View
        style={
          [
            {
              "alignItems": "center",
              "backgroundColor": "#222222",
              "borderColor": "#444444",
              "borderRadius": 8,
              "borderWidth": 1,
              "elevation": 1,
              "height": 100,
              "justifyContent": "center",
              "paddingHorizontal": 23,
              "paddingVertical": 12.5,
              "shadowColor": "rgb(10, 13, 18)",
              "shadowOffset": {
                "height": 1,
                "width": 0,
              },
              "shadowOpacity": 0.05,
              "shadowRadius": 2,
              "width": 74.5,
            },
            undefined,
          ]
        }
      >
        <Text
          allowFontScaling={false}
          maxFontSizeMultiplier={1.2}
          style={
            [
              {
                "color": "#FFFFFF",
                "fontFamily": "PlusJakartaSans-Regular",
                "fontSize": 18.4,
                "letterSpacing": 0,
                "lineHeight": 27.599999999999998,
                "textAlign": "left",
              },
              [
                {
                  "fontFamily": "PlusJakartaSans-Medium",
                  "fontSize": 23,
                  "lineHeight": 36.8,
                  "textAlign": "center",
                },
                {
                  "color": "#444444",
                },
              ],
            ]
          }
        >
          0
        </Text>
      </View>
      <View
        style={
          [
            {
              "alignItems": "center",
              "backgroundColor": "#222222",
              "borderColor": "#444444",
              "borderRadius": 8,
              "borderWidth": 1,
              "elevation": 1,
              "height": 100,
              "justifyContent": "center",
              "paddingHorizontal": 23,
              "paddingVertical": 12.5,
              "shadowColor": "rgb(10, 13, 18)",
              "shadowOffset": {
                "height": 1,
                "width": 0,
              },
              "shadowOpacity": 0.05,
              "shadowRadius": 2,
              "width": 74.5,
            },
            undefined,
          ]
        }
      >
        <Text
          allowFontScaling={false}
          maxFontSizeMultiplier={1.2}
          style={
            [
              {
                "color": "#FFFFFF",
                "fontFamily": "PlusJakartaSans-Regular",
                "fontSize": 18.4,
                "letterSpacing": 0,
                "lineHeight": 27.599999999999998,
                "textAlign": "left",
              },
              [
                {
                  "fontFamily": "PlusJakartaSans-Medium",
                  "fontSize": 23,
                  "lineHeight": 36.8,
                  "textAlign": "center",
                },
                {
                  "color": "#444444",
                },
              ],
            ]
          }
        >
          0
        </Text>
      </View>
      <View
        style={
          [
            {
              "alignItems": "center",
              "backgroundColor": "#222222",
              "borderColor": "#444444",
              "borderRadius": 8,
              "borderWidth": 1,
              "elevation": 1,
              "height": 100,
              "justifyContent": "center",
              "paddingHorizontal": 23,
              "paddingVertical": 12.5,
              "shadowColor": "rgb(10, 13, 18)",
              "shadowOffset": {
                "height": 1,
                "width": 0,
              },
              "shadowOpacity": 0.05,
              "shadowRadius": 2,
              "width": 74.5,
            },
            undefined,
          ]
        }
      >
        <Text
          allowFontScaling={false}
          maxFontSizeMultiplier={1.2}
          style={
            [
              {
                "color": "#FFFFFF",
                "fontFamily": "PlusJakartaSans-Regular",
                "fontSize": 18.4,
                "letterSpacing": 0,
                "lineHeight": 27.599999999999998,
                "textAlign": "left",
              },
              [
                {
                  "fontFamily": "PlusJakartaSans-Medium",
                  "fontSize": 23,
                  "lineHeight": 36.8,
                  "textAlign": "center",
                },
                {
                  "color": "#444444",
                },
              ],
            ]
          }
        >
          0
        </Text>
      </View>
    </View>
    <Text
      allowFontScaling={false}
      maxFontSizeMultiplier={1.2}
      style={
        [
          {
            "color": "#FFFFFF",
            "fontFamily": "PlusJakartaSans-Regular",
            "fontSize": 23,
            "letterSpacing": 0,
            "lineHeight": 36.8,
            "textAlign": "left",
          },
          {
            "color": "#cbcbcb",
            "fontFamily": "PlusJakartaSans-Medium",
            "fontSize": 23,
            "lineHeight": 36.8,
            "marginHorizontal": 15.5,
          },
        ]
      }
    >
      -
    </Text>
    <View
      style={
        {
          "flexDirection": "row",
          "gap": 15.5,
        }
      }
    >
      <View
        style={
          [
            {
              "alignItems": "center",
              "backgroundColor": "#222222",
              "borderColor": "#444444",
              "borderRadius": 8,
              "borderWidth": 1,
              "elevation": 1,
              "height": 100,
              "justifyContent": "center",
              "paddingHorizontal": 23,
              "paddingVertical": 12.5,
              "shadowColor": "rgb(10, 13, 18)",
              "shadowOffset": {
                "height": 1,
                "width": 0,
              },
              "shadowOpacity": 0.05,
              "shadowRadius": 2,
              "width": 74.5,
            },
            undefined,
          ]
        }
      >
        <Text
          allowFontScaling={false}
          maxFontSizeMultiplier={1.2}
          style={
            [
              {
                "color": "#FFFFFF",
                "fontFamily": "PlusJakartaSans-Regular",
                "fontSize": 18.4,
                "letterSpacing": 0,
                "lineHeight": 27.599999999999998,
                "textAlign": "left",
              },
              [
                {
                  "fontFamily": "PlusJakartaSans-Medium",
                  "fontSize": 23,
                  "lineHeight": 36.8,
                  "textAlign": "center",
                },
                {
                  "color": "#444444",
                },
              ],
            ]
          }
        >
          0
        </Text>
      </View>
      <View
        style={
          [
            {
              "alignItems": "center",
              "backgroundColor": "#222222",
              "borderColor": "#444444",
              "borderRadius": 8,
              "borderWidth": 1,
              "elevation": 1,
              "height": 100,
              "justifyContent": "center",
              "paddingHorizontal": 23,
              "paddingVertical": 12.5,
              "shadowColor": "rgb(10, 13, 18)",
              "shadowOffset": {
                "height": 1,
                "width": 0,
              },
              "shadowOpacity": 0.05,
              "shadowRadius": 2,
              "width": 74.5,
            },
            undefined,
          ]
        }
      >
        <Text
          allowFontScaling={false}
          maxFontSizeMultiplier={1.2}
          style={
            [
              {
                "color": "#FFFFFF",
                "fontFamily": "PlusJakartaSans-Regular",
                "fontSize": 18.4,
                "letterSpacing": 0,
                "lineHeight": 27.599999999999998,
                "textAlign": "left",
              },
              [
                {
                  "fontFamily": "PlusJakartaSans-Medium",
                  "fontSize": 23,
                  "lineHeight": 36.8,
                  "textAlign": "center",
                },
                {
                  "color": "#444444",
                },
              ],
            ]
          }
        >
          0
        </Text>
      </View>
      <View
        style={
          [
            {
              "alignItems": "center",
              "backgroundColor": "#222222",
              "borderColor": "#444444",
              "borderRadius": 8,
              "borderWidth": 1,
              "elevation": 1,
              "height": 100,
              "justifyContent": "center",
              "paddingHorizontal": 23,
              "paddingVertical": 12.5,
              "shadowColor": "rgb(10, 13, 18)",
              "shadowOffset": {
                "height": 1,
                "width": 0,
              },
              "shadowOpacity": 0.05,
              "shadowRadius": 2,
              "width": 74.5,
            },
            undefined,
          ]
        }
      >
        <Text
          allowFontScaling={false}
          maxFontSizeMultiplier={1.2}
          style={
            [
              {
                "color": "#FFFFFF",
                "fontFamily": "PlusJakartaSans-Regular",
                "fontSize": 18.4,
                "letterSpacing": 0,
                "lineHeight": 27.599999999999998,
                "textAlign": "left",
              },
              [
                {
                  "fontFamily": "PlusJakartaSans-Medium",
                  "fontSize": 23,
                  "lineHeight": 36.8,
                  "textAlign": "center",
                },
                {
                  "color": "#444444",
                },
              ],
            ]
          }
        >
          0
        </Text>
      </View>
    </View>
  </View>
  <TextInput
    accessibilityLabel="OTP verification code"
    accessibilityState={
      {
        "disabled": false,
      }
    }
    autoComplete="one-time-code"
    caretHidden={true}
    editable={true}
    keyboardType="number-pad"
    maxLength={6}
    onBlur={[Function]}
    onChangeText={[Function]}
    onFocus={[Function]}
    style={
      {
        "backgroundColor": "transparent",
        "bottom": 0,
        "color": "transparent",
        "left": 0,
        "opacity": 0.02,
        "position": "absolute",
        "right": 0,
        "top": 0,
      }
    }
    textContentType="oneTimeCode"
    value=""
  />
</View>
`;

exports[`OTPInput renders correctly - disabled 1`] = `
<View
  style={
    {
      "alignItems": "center",
      "width": "100%",
    }
  }
>
  <View
    accessibilityLabel="OTP input, 3 of 6 digits entered"
    accessibilityRole="none"
    accessibilityState={
      {
        "busy": undefined,
        "checked": undefined,
        "disabled": undefined,
        "expanded": undefined,
        "selected": undefined,
      }
    }
    accessibilityValue={
      {
        "max": undefined,
        "min": undefined,
        "now": undefined,
        "text": undefined,
      }
    }
    accessible={true}
    collapsable={false}
    focusable={true}
    onBlur={[Function]}
    onClick={[Function]}
    onFocus={[Function]}
    onResponderGrant={[Function]}
    onResponderMove={[Function]}
    onResponderRelease={[Function]}
    onResponderTerminate={[Function]}
    onResponderTerminationRequest={[Function]}
    onStartShouldSetResponder={[Function]}
    style={
      {
        "alignItems": "center",
        "flexDirection": "row",
        "justifyContent": "center",
      }
    }
  >
    <View
      style={
        {
          "flexDirection": "row",
          "gap": 15.5,
        }
      }
    >
      <View
        style={
          [
            {
              "alignItems": "center",
              "backgroundColor": "#222222",
              "borderColor": "#444444",
              "borderRadius": 8,
              "borderWidth": 1,
              "elevation": 1,
              "height": 100,
              "justifyContent": "center",
              "paddingHorizontal": 23,
              "paddingVertical": 12.5,
              "shadowColor": "rgb(10, 13, 18)",
              "shadowOffset": {
                "height": 1,
                "width": 0,
              },
              "shadowOpacity": 0.05,
              "shadowRadius": 2,
              "width": 74.5,
            },
            {
              "opacity": 0.5,
            },
          ]
        }
      >
        <Text
          allowFontScaling={false}
          maxFontSizeMultiplier={1.2}
          style={
            [
              {
                "color": "#FFFFFF",
                "fontFamily": "PlusJakartaSans-Regular",
                "fontSize": 18.4,
                "letterSpacing": 0,
                "lineHeight": 27.599999999999998,
                "textAlign": "left",
              },
              [
                {
                  "fontFamily": "PlusJakartaSans-Medium",
                  "fontSize": 23,
                  "lineHeight": 36.8,
                  "textAlign": "center",
                },
                {
                  "color": "#FFFFFF",
                },
              ],
            ]
          }
        >
          1
        </Text>
      </View>
      <View
        style={
          [
            {
              "alignItems": "center",
              "backgroundColor": "#222222",
              "borderColor": "#444444",
              "borderRadius": 8,
              "borderWidth": 1,
              "elevation": 1,
              "height": 100,
              "justifyContent": "center",
              "paddingHorizontal": 23,
              "paddingVertical": 12.5,
              "shadowColor": "rgb(10, 13, 18)",
              "shadowOffset": {
                "height": 1,
                "width": 0,
              },
              "shadowOpacity": 0.05,
              "shadowRadius": 2,
              "width": 74.5,
            },
            {
              "opacity": 0.5,
            },
          ]
        }
      >
        <Text
          allowFontScaling={false}
          maxFontSizeMultiplier={1.2}
          style={
            [
              {
                "color": "#FFFFFF",
                "fontFamily": "PlusJakartaSans-Regular",
                "fontSize": 18.4,
                "letterSpacing": 0,
                "lineHeight": 27.599999999999998,
                "textAlign": "left",
              },
              [
                {
                  "fontFamily": "PlusJakartaSans-Medium",
                  "fontSize": 23,
                  "lineHeight": 36.8,
                  "textAlign": "center",
                },
                {
                  "color": "#FFFFFF",
                },
              ],
            ]
          }
        >
          2
        </Text>
      </View>
      <View
        style={
          [
            {
              "alignItems": "center",
              "backgroundColor": "#222222",
              "borderColor": "#444444",
              "borderRadius": 8,
              "borderWidth": 1,
              "elevation": 1,
              "height": 100,
              "justifyContent": "center",
              "paddingHorizontal": 23,
              "paddingVertical": 12.5,
              "shadowColor": "rgb(10, 13, 18)",
              "shadowOffset": {
                "height": 1,
                "width": 0,
              },
              "shadowOpacity": 0.05,
              "shadowRadius": 2,
              "width": 74.5,
            },
            {
              "opacity": 0.5,
            },
          ]
        }
      >
        <Text
          allowFontScaling={false}
          maxFontSizeMultiplier={1.2}
          style={
            [
              {
                "color": "#FFFFFF",
                "fontFamily": "PlusJakartaSans-Regular",
                "fontSize": 18.4,
                "letterSpacing": 0,
                "lineHeight": 27.599999999999998,
                "textAlign": "left",
              },
              [
                {
                  "fontFamily": "PlusJakartaSans-Medium",
                  "fontSize": 23,
                  "lineHeight": 36.8,
                  "textAlign": "center",
                },
                {
                  "color": "#FFFFFF",
                },
              ],
            ]
          }
        >
          3
        </Text>
      </View>
    </View>
    <Text
      allowFontScaling={false}
      maxFontSizeMultiplier={1.2}
      style={
        [
          {
            "color": "#FFFFFF",
            "fontFamily": "PlusJakartaSans-Regular",
            "fontSize": 23,
            "letterSpacing": 0,
            "lineHeight": 36.8,
            "textAlign": "left",
          },
          {
            "color": "#cbcbcb",
            "fontFamily": "PlusJakartaSans-Medium",
            "fontSize": 23,
            "lineHeight": 36.8,
            "marginHorizontal": 15.5,
          },
        ]
      }
    >
      -
    </Text>
    <View
      style={
        {
          "flexDirection": "row",
          "gap": 15.5,
        }
      }
    >
      <View
        style={
          [
            {
              "alignItems": "center",
              "backgroundColor": "#222222",
              "borderColor": "#444444",
              "borderRadius": 8,
              "borderWidth": 1,
              "elevation": 1,
              "height": 100,
              "justifyContent": "center",
              "paddingHorizontal": 23,
              "paddingVertical": 12.5,
              "shadowColor": "rgb(10, 13, 18)",
              "shadowOffset": {
                "height": 1,
                "width": 0,
              },
              "shadowOpacity": 0.05,
              "shadowRadius": 2,
              "width": 74.5,
            },
            {
              "opacity": 0.5,
            },
          ]
        }
      >
        <Text
          allowFontScaling={false}
          maxFontSizeMultiplier={1.2}
          style={
            [
              {
                "color": "#FFFFFF",
                "fontFamily": "PlusJakartaSans-Regular",
                "fontSize": 18.4,
                "letterSpacing": 0,
                "lineHeight": 27.599999999999998,
                "textAlign": "left",
              },
              [
                {
                  "fontFamily": "PlusJakartaSans-Medium",
                  "fontSize": 23,
                  "lineHeight": 36.8,
                  "textAlign": "center",
                },
                {
                  "color": "#444444",
                },
              ],
            ]
          }
        >
          0
        </Text>
      </View>
      <View
        style={
          [
            {
              "alignItems": "center",
              "backgroundColor": "#222222",
              "borderColor": "#444444",
              "borderRadius": 8,
              "borderWidth": 1,
              "elevation": 1,
              "height": 100,
              "justifyContent": "center",
              "paddingHorizontal": 23,
              "paddingVertical": 12.5,
              "shadowColor": "rgb(10, 13, 18)",
              "shadowOffset": {
                "height": 1,
                "width": 0,
              },
              "shadowOpacity": 0.05,
              "shadowRadius": 2,
              "width": 74.5,
            },
            {
              "opacity": 0.5,
            },
          ]
        }
      >
        <Text
          allowFontScaling={false}
          maxFontSizeMultiplier={1.2}
          style={
            [
              {
                "color": "#FFFFFF",
                "fontFamily": "PlusJakartaSans-Regular",
                "fontSize": 18.4,
                "letterSpacing": 0,
                "lineHeight": 27.599999999999998,
                "textAlign": "left",
              },
              [
                {
                  "fontFamily": "PlusJakartaSans-Medium",
                  "fontSize": 23,
                  "lineHeight": 36.8,
                  "textAlign": "center",
                },
                {
                  "color": "#444444",
                },
              ],
            ]
          }
        >
          0
        </Text>
      </View>
      <View
        style={
          [
            {
              "alignItems": "center",
              "backgroundColor": "#222222",
              "borderColor": "#444444",
              "borderRadius": 8,
              "borderWidth": 1,
              "elevation": 1,
              "height": 100,
              "justifyContent": "center",
              "paddingHorizontal": 23,
              "paddingVertical": 12.5,
              "shadowColor": "rgb(10, 13, 18)",
              "shadowOffset": {
                "height": 1,
                "width": 0,
              },
              "shadowOpacity": 0.05,
              "shadowRadius": 2,
              "width": 74.5,
            },
            {
              "opacity": 0.5,
            },
          ]
        }
      >
        <Text
          allowFontScaling={false}
          maxFontSizeMultiplier={1.2}
          style={
            [
              {
                "color": "#FFFFFF",
                "fontFamily": "PlusJakartaSans-Regular",
                "fontSize": 18.4,
                "letterSpacing": 0,
                "lineHeight": 27.599999999999998,
                "textAlign": "left",
              },
              [
                {
                  "fontFamily": "PlusJakartaSans-Medium",
                  "fontSize": 23,
                  "lineHeight": 36.8,
                  "textAlign": "center",
                },
                {
                  "color": "#444444",
                },
              ],
            ]
          }
        >
          0
        </Text>
      </View>
    </View>
  </View>
  <TextInput
    accessibilityLabel="OTP verification code"
    accessibilityState={
      {
        "disabled": true,
      }
    }
    autoComplete="one-time-code"
    caretHidden={true}
    editable={false}
    keyboardType="number-pad"
    maxLength={6}
    onBlur={[Function]}
    onChangeText={[Function]}
    onFocus={[Function]}
    style={
      {
        "backgroundColor": "transparent",
        "bottom": 0,
        "color": "transparent",
        "left": 0,
        "opacity": 0.02,
        "position": "absolute",
        "right": 0,
        "top": 0,
      }
    }
    textContentType="oneTimeCode"
    value="123"
  />
</View>
`;

exports[`OTPInput renders correctly - empty state 1`] = `
<View
  style={
    {
      "alignItems": "center",
      "width": "100%",
    }
  }
>
  <View
    accessibilityLabel="OTP input, 0 of 6 digits entered"
    accessibilityRole="none"
    accessibilityState={
      {
        "busy": undefined,
        "checked": undefined,
        "disabled": undefined,
        "expanded": undefined,
        "selected": undefined,
      }
    }
    accessibilityValue={
      {
        "max": undefined,
        "min": undefined,
        "now": undefined,
        "text": undefined,
      }
    }
    accessible={true}
    collapsable={false}
    focusable={true}
    onBlur={[Function]}
    onClick={[Function]}
    onFocus={[Function]}
    onResponderGrant={[Function]}
    onResponderMove={[Function]}
    onResponderRelease={[Function]}
    onResponderTerminate={[Function]}
    onResponderTerminationRequest={[Function]}
    onStartShouldSetResponder={[Function]}
    style={
      {
        "alignItems": "center",
        "flexDirection": "row",
        "justifyContent": "center",
      }
    }
  >
    <View
      style={
        {
          "flexDirection": "row",
          "gap": 15.5,
        }
      }
    >
      <View
        style={
          [
            {
              "alignItems": "center",
              "backgroundColor": "#222222",
              "borderColor": "#444444",
              "borderRadius": 8,
              "borderWidth": 1,
              "elevation": 1,
              "height": 100,
              "justifyContent": "center",
              "paddingHorizontal": 23,
              "paddingVertical": 12.5,
              "shadowColor": "rgb(10, 13, 18)",
              "shadowOffset": {
                "height": 1,
                "width": 0,
              },
              "shadowOpacity": 0.05,
              "shadowRadius": 2,
              "width": 74.5,
            },
            undefined,
          ]
        }
      >
        <Text
          allowFontScaling={false}
          maxFontSizeMultiplier={1.2}
          style={
            [
              {
                "color": "#FFFFFF",
                "fontFamily": "PlusJakartaSans-Regular",
                "fontSize": 18.4,
                "letterSpacing": 0,
                "lineHeight": 27.599999999999998,
                "textAlign": "left",
              },
              [
                {
                  "fontFamily": "PlusJakartaSans-Medium",
                  "fontSize": 23,
                  "lineHeight": 36.8,
                  "textAlign": "center",
                },
                {
                  "color": "#444444",
                },
              ],
            ]
          }
        >
          0
        </Text>
      </View>
      <View
        style={
          [
            {
              "alignItems": "center",
              "backgroundColor": "#222222",
              "borderColor": "#444444",
              "borderRadius": 8,
              "borderWidth": 1,
              "elevation": 1,
              "height": 100,
              "justifyContent": "center",
              "paddingHorizontal": 23,
              "paddingVertical": 12.5,
              "shadowColor": "rgb(10, 13, 18)",
              "shadowOffset": {
                "height": 1,
                "width": 0,
              },
              "shadowOpacity": 0.05,
              "shadowRadius": 2,
              "width": 74.5,
            },
            undefined,
          ]
        }
      >
        <Text
          allowFontScaling={false}
          maxFontSizeMultiplier={1.2}
          style={
            [
              {
                "color": "#FFFFFF",
                "fontFamily": "PlusJakartaSans-Regular",
                "fontSize": 18.4,
                "letterSpacing": 0,
                "lineHeight": 27.599999999999998,
                "textAlign": "left",
              },
              [
                {
                  "fontFamily": "PlusJakartaSans-Medium",
                  "fontSize": 23,
                  "lineHeight": 36.8,
                  "textAlign": "center",
                },
                {
                  "color": "#444444",
                },
              ],
            ]
          }
        >
          0
        </Text>
      </View>
      <View
        style={
          [
            {
              "alignItems": "center",
              "backgroundColor": "#222222",
              "borderColor": "#444444",
              "borderRadius": 8,
              "borderWidth": 1,
              "elevation": 1,
              "height": 100,
              "justifyContent": "center",
              "paddingHorizontal": 23,
              "paddingVertical": 12.5,
              "shadowColor": "rgb(10, 13, 18)",
              "shadowOffset": {
                "height": 1,
                "width": 0,
              },
              "shadowOpacity": 0.05,
              "shadowRadius": 2,
              "width": 74.5,
            },
            undefined,
          ]
        }
      >
        <Text
          allowFontScaling={false}
          maxFontSizeMultiplier={1.2}
          style={
            [
              {
                "color": "#FFFFFF",
                "fontFamily": "PlusJakartaSans-Regular",
                "fontSize": 18.4,
                "letterSpacing": 0,
                "lineHeight": 27.599999999999998,
                "textAlign": "left",
              },
              [
                {
                  "fontFamily": "PlusJakartaSans-Medium",
                  "fontSize": 23,
                  "lineHeight": 36.8,
                  "textAlign": "center",
                },
                {
                  "color": "#444444",
                },
              ],
            ]
          }
        >
          0
        </Text>
      </View>
    </View>
    <Text
      allowFontScaling={false}
      maxFontSizeMultiplier={1.2}
      style={
        [
          {
            "color": "#FFFFFF",
            "fontFamily": "PlusJakartaSans-Regular",
            "fontSize": 23,
            "letterSpacing": 0,
            "lineHeight": 36.8,
            "textAlign": "left",
          },
          {
            "color": "#cbcbcb",
            "fontFamily": "PlusJakartaSans-Medium",
            "fontSize": 23,
            "lineHeight": 36.8,
            "marginHorizontal": 15.5,
          },
        ]
      }
    >
      -
    </Text>
    <View
      style={
        {
          "flexDirection": "row",
          "gap": 15.5,
        }
      }
    >
      <View
        style={
          [
            {
              "alignItems": "center",
              "backgroundColor": "#222222",
              "borderColor": "#444444",
              "borderRadius": 8,
              "borderWidth": 1,
              "elevation": 1,
              "height": 100,
              "justifyContent": "center",
              "paddingHorizontal": 23,
              "paddingVertical": 12.5,
              "shadowColor": "rgb(10, 13, 18)",
              "shadowOffset": {
                "height": 1,
                "width": 0,
              },
              "shadowOpacity": 0.05,
              "shadowRadius": 2,
              "width": 74.5,
            },
            undefined,
          ]
        }
      >
        <Text
          allowFontScaling={false}
          maxFontSizeMultiplier={1.2}
          style={
            [
              {
                "color": "#FFFFFF",
                "fontFamily": "PlusJakartaSans-Regular",
                "fontSize": 18.4,
                "letterSpacing": 0,
                "lineHeight": 27.599999999999998,
                "textAlign": "left",
              },
              [
                {
                  "fontFamily": "PlusJakartaSans-Medium",
                  "fontSize": 23,
                  "lineHeight": 36.8,
                  "textAlign": "center",
                },
                {
                  "color": "#444444",
                },
              ],
            ]
          }
        >
          0
        </Text>
      </View>
      <View
        style={
          [
            {
              "alignItems": "center",
              "backgroundColor": "#222222",
              "borderColor": "#444444",
              "borderRadius": 8,
              "borderWidth": 1,
              "elevation": 1,
              "height": 100,
              "justifyContent": "center",
              "paddingHorizontal": 23,
              "paddingVertical": 12.5,
              "shadowColor": "rgb(10, 13, 18)",
              "shadowOffset": {
                "height": 1,
                "width": 0,
              },
              "shadowOpacity": 0.05,
              "shadowRadius": 2,
              "width": 74.5,
            },
            undefined,
          ]
        }
      >
        <Text
          allowFontScaling={false}
          maxFontSizeMultiplier={1.2}
          style={
            [
              {
                "color": "#FFFFFF",
                "fontFamily": "PlusJakartaSans-Regular",
                "fontSize": 18.4,
                "letterSpacing": 0,
                "lineHeight": 27.599999999999998,
                "textAlign": "left",
              },
              [
                {
                  "fontFamily": "PlusJakartaSans-Medium",
                  "fontSize": 23,
                  "lineHeight": 36.8,
                  "textAlign": "center",
                },
                {
                  "color": "#444444",
                },
              ],
            ]
          }
        >
          0
        </Text>
      </View>
      <View
        style={
          [
            {
              "alignItems": "center",
              "backgroundColor": "#222222",
              "borderColor": "#444444",
              "borderRadius": 8,
              "borderWidth": 1,
              "elevation": 1,
              "height": 100,
              "justifyContent": "center",
              "paddingHorizontal": 23,
              "paddingVertical": 12.5,
              "shadowColor": "rgb(10, 13, 18)",
              "shadowOffset": {
                "height": 1,
                "width": 0,
              },
              "shadowOpacity": 0.05,
              "shadowRadius": 2,
              "width": 74.5,
            },
            undefined,
          ]
        }
      >
        <Text
          allowFontScaling={false}
          maxFontSizeMultiplier={1.2}
          style={
            [
              {
                "color": "#FFFFFF",
                "fontFamily": "PlusJakartaSans-Regular",
                "fontSize": 18.4,
                "letterSpacing": 0,
                "lineHeight": 27.599999999999998,
                "textAlign": "left",
              },
              [
                {
                  "fontFamily": "PlusJakartaSans-Medium",
                  "fontSize": 23,
                  "lineHeight": 36.8,
                  "textAlign": "center",
                },
                {
                  "color": "#444444",
                },
              ],
            ]
          }
        >
          0
        </Text>
      </View>
    </View>
  </View>
  <TextInput
    accessibilityLabel="OTP verification code"
    accessibilityState={
      {
        "disabled": false,
      }
    }
    autoComplete="one-time-code"
    caretHidden={true}
    editable={true}
    keyboardType="number-pad"
    maxLength={6}
    onBlur={[Function]}
    onChangeText={[Function]}
    onFocus={[Function]}
    style={
      {
        "backgroundColor": "transparent",
        "bottom": 0,
        "color": "transparent",
        "left": 0,
        "opacity": 0.02,
        "position": "absolute",
        "right": 0,
        "top": 0,
      }
    }
    textContentType="oneTimeCode"
    value=""
  />
</View>
`;

exports[`OTPInput renders correctly - fully filled 1`] = `
<View
  style={
    {
      "alignItems": "center",
      "width": "100%",
    }
  }
>
  <View
    accessibilityLabel="OTP input, 6 of 6 digits entered"
    accessibilityRole="none"
    accessibilityState={
      {
        "busy": undefined,
        "checked": undefined,
        "disabled": undefined,
        "expanded": undefined,
        "selected": undefined,
      }
    }
    accessibilityValue={
      {
        "max": undefined,
        "min": undefined,
        "now": undefined,
        "text": undefined,
      }
    }
    accessible={true}
    collapsable={false}
    focusable={true}
    onBlur={[Function]}
    onClick={[Function]}
    onFocus={[Function]}
    onResponderGrant={[Function]}
    onResponderMove={[Function]}
    onResponderRelease={[Function]}
    onResponderTerminate={[Function]}
    onResponderTerminationRequest={[Function]}
    onStartShouldSetResponder={[Function]}
    style={
      {
        "alignItems": "center",
        "flexDirection": "row",
        "justifyContent": "center",
      }
    }
  >
    <View
      style={
        {
          "flexDirection": "row",
          "gap": 15.5,
        }
      }
    >
      <View
        style={
          [
            {
              "alignItems": "center",
              "backgroundColor": "#222222",
              "borderColor": "#444444",
              "borderRadius": 8,
              "borderWidth": 1,
              "elevation": 1,
              "height": 100,
              "justifyContent": "center",
              "paddingHorizontal": 23,
              "paddingVertical": 12.5,
              "shadowColor": "rgb(10, 13, 18)",
              "shadowOffset": {
                "height": 1,
                "width": 0,
              },
              "shadowOpacity": 0.05,
              "shadowRadius": 2,
              "width": 74.5,
            },
            undefined,
          ]
        }
      >
        <Text
          allowFontScaling={false}
          maxFontSizeMultiplier={1.2}
          style={
            [
              {
                "color": "#FFFFFF",
                "fontFamily": "PlusJakartaSans-Regular",
                "fontSize": 18.4,
                "letterSpacing": 0,
                "lineHeight": 27.599999999999998,
                "textAlign": "left",
              },
              [
                {
                  "fontFamily": "PlusJakartaSans-Medium",
                  "fontSize": 23,
                  "lineHeight": 36.8,
                  "textAlign": "center",
                },
                {
                  "color": "#FFFFFF",
                },
              ],
            ]
          }
        >
          1
        </Text>
      </View>
      <View
        style={
          [
            {
              "alignItems": "center",
              "backgroundColor": "#222222",
              "borderColor": "#444444",
              "borderRadius": 8,
              "borderWidth": 1,
              "elevation": 1,
              "height": 100,
              "justifyContent": "center",
              "paddingHorizontal": 23,
              "paddingVertical": 12.5,
              "shadowColor": "rgb(10, 13, 18)",
              "shadowOffset": {
                "height": 1,
                "width": 0,
              },
              "shadowOpacity": 0.05,
              "shadowRadius": 2,
              "width": 74.5,
            },
            undefined,
          ]
        }
      >
        <Text
          allowFontScaling={false}
          maxFontSizeMultiplier={1.2}
          style={
            [
              {
                "color": "#FFFFFF",
                "fontFamily": "PlusJakartaSans-Regular",
                "fontSize": 18.4,
                "letterSpacing": 0,
                "lineHeight": 27.599999999999998,
                "textAlign": "left",
              },
              [
                {
                  "fontFamily": "PlusJakartaSans-Medium",
                  "fontSize": 23,
                  "lineHeight": 36.8,
                  "textAlign": "center",
                },
                {
                  "color": "#FFFFFF",
                },
              ],
            ]
          }
        >
          2
        </Text>
      </View>
      <View
        style={
          [
            {
              "alignItems": "center",
              "backgroundColor": "#222222",
              "borderColor": "#444444",
              "borderRadius": 8,
              "borderWidth": 1,
              "elevation": 1,
              "height": 100,
              "justifyContent": "center",
              "paddingHorizontal": 23,
              "paddingVertical": 12.5,
              "shadowColor": "rgb(10, 13, 18)",
              "shadowOffset": {
                "height": 1,
                "width": 0,
              },
              "shadowOpacity": 0.05,
              "shadowRadius": 2,
              "width": 74.5,
            },
            undefined,
          ]
        }
      >
        <Text
          allowFontScaling={false}
          maxFontSizeMultiplier={1.2}
          style={
            [
              {
                "color": "#FFFFFF",
                "fontFamily": "PlusJakartaSans-Regular",
                "fontSize": 18.4,
                "letterSpacing": 0,
                "lineHeight": 27.599999999999998,
                "textAlign": "left",
              },
              [
                {
                  "fontFamily": "PlusJakartaSans-Medium",
                  "fontSize": 23,
                  "lineHeight": 36.8,
                  "textAlign": "center",
                },
                {
                  "color": "#FFFFFF",
                },
              ],
            ]
          }
        >
          3
        </Text>
      </View>
    </View>
    <Text
      allowFontScaling={false}
      maxFontSizeMultiplier={1.2}
      style={
        [
          {
            "color": "#FFFFFF",
            "fontFamily": "PlusJakartaSans-Regular",
            "fontSize": 23,
            "letterSpacing": 0,
            "lineHeight": 36.8,
            "textAlign": "left",
          },
          {
            "color": "#cbcbcb",
            "fontFamily": "PlusJakartaSans-Medium",
            "fontSize": 23,
            "lineHeight": 36.8,
            "marginHorizontal": 15.5,
          },
        ]
      }
    >
      -
    </Text>
    <View
      style={
        {
          "flexDirection": "row",
          "gap": 15.5,
        }
      }
    >
      <View
        style={
          [
            {
              "alignItems": "center",
              "backgroundColor": "#222222",
              "borderColor": "#444444",
              "borderRadius": 8,
              "borderWidth": 1,
              "elevation": 1,
              "height": 100,
              "justifyContent": "center",
              "paddingHorizontal": 23,
              "paddingVertical": 12.5,
              "shadowColor": "rgb(10, 13, 18)",
              "shadowOffset": {
                "height": 1,
                "width": 0,
              },
              "shadowOpacity": 0.05,
              "shadowRadius": 2,
              "width": 74.5,
            },
            undefined,
          ]
        }
      >
        <Text
          allowFontScaling={false}
          maxFontSizeMultiplier={1.2}
          style={
            [
              {
                "color": "#FFFFFF",
                "fontFamily": "PlusJakartaSans-Regular",
                "fontSize": 18.4,
                "letterSpacing": 0,
                "lineHeight": 27.599999999999998,
                "textAlign": "left",
              },
              [
                {
                  "fontFamily": "PlusJakartaSans-Medium",
                  "fontSize": 23,
                  "lineHeight": 36.8,
                  "textAlign": "center",
                },
                {
                  "color": "#FFFFFF",
                },
              ],
            ]
          }
        >
          4
        </Text>
      </View>
      <View
        style={
          [
            {
              "alignItems": "center",
              "backgroundColor": "#222222",
              "borderColor": "#444444",
              "borderRadius": 8,
              "borderWidth": 1,
              "elevation": 1,
              "height": 100,
              "justifyContent": "center",
              "paddingHorizontal": 23,
              "paddingVertical": 12.5,
              "shadowColor": "rgb(10, 13, 18)",
              "shadowOffset": {
                "height": 1,
                "width": 0,
              },
              "shadowOpacity": 0.05,
              "shadowRadius": 2,
              "width": 74.5,
            },
            undefined,
          ]
        }
      >
        <Text
          allowFontScaling={false}
          maxFontSizeMultiplier={1.2}
          style={
            [
              {
                "color": "#FFFFFF",
                "fontFamily": "PlusJakartaSans-Regular",
                "fontSize": 18.4,
                "letterSpacing": 0,
                "lineHeight": 27.599999999999998,
                "textAlign": "left",
              },
              [
                {
                  "fontFamily": "PlusJakartaSans-Medium",
                  "fontSize": 23,
                  "lineHeight": 36.8,
                  "textAlign": "center",
                },
                {
                  "color": "#FFFFFF",
                },
              ],
            ]
          }
        >
          5
        </Text>
      </View>
      <View
        style={
          [
            {
              "alignItems": "center",
              "backgroundColor": "#222222",
              "borderColor": "#444444",
              "borderRadius": 8,
              "borderWidth": 1,
              "elevation": 1,
              "height": 100,
              "justifyContent": "center",
              "paddingHorizontal": 23,
              "paddingVertical": 12.5,
              "shadowColor": "rgb(10, 13, 18)",
              "shadowOffset": {
                "height": 1,
                "width": 0,
              },
              "shadowOpacity": 0.05,
              "shadowRadius": 2,
              "width": 74.5,
            },
            undefined,
          ]
        }
      >
        <Text
          allowFontScaling={false}
          maxFontSizeMultiplier={1.2}
          style={
            [
              {
                "color": "#FFFFFF",
                "fontFamily": "PlusJakartaSans-Regular",
                "fontSize": 18.4,
                "letterSpacing": 0,
                "lineHeight": 27.599999999999998,
                "textAlign": "left",
              },
              [
                {
                  "fontFamily": "PlusJakartaSans-Medium",
                  "fontSize": 23,
                  "lineHeight": 36.8,
                  "textAlign": "center",
                },
                {
                  "color": "#FFFFFF",
                },
              ],
            ]
          }
        >
          6
        </Text>
      </View>
    </View>
  </View>
  <TextInput
    accessibilityLabel="OTP verification code"
    accessibilityState={
      {
        "disabled": false,
      }
    }
    autoComplete="one-time-code"
    caretHidden={true}
    editable={true}
    keyboardType="number-pad"
    maxLength={6}
    onBlur={[Function]}
    onChangeText={[Function]}
    onFocus={[Function]}
    style={
      {
        "backgroundColor": "transparent",
        "bottom": 0,
        "color": "transparent",
        "left": 0,
        "opacity": 0.02,
        "position": "absolute",
        "right": 0,
        "top": 0,
      }
    }
    textContentType="oneTimeCode"
    value="123456"
  />
</View>
`;

exports[`OTPInput renders correctly - partially filled 1`] = `
<View
  style={
    {
      "alignItems": "center",
      "width": "100%",
    }
  }
>
  <View
    accessibilityLabel="OTP input, 3 of 6 digits entered"
    accessibilityRole="none"
    accessibilityState={
      {
        "busy": undefined,
        "checked": undefined,
        "disabled": undefined,
        "expanded": undefined,
        "selected": undefined,
      }
    }
    accessibilityValue={
      {
        "max": undefined,
        "min": undefined,
        "now": undefined,
        "text": undefined,
      }
    }
    accessible={true}
    collapsable={false}
    focusable={true}
    onBlur={[Function]}
    onClick={[Function]}
    onFocus={[Function]}
    onResponderGrant={[Function]}
    onResponderMove={[Function]}
    onResponderRelease={[Function]}
    onResponderTerminate={[Function]}
    onResponderTerminationRequest={[Function]}
    onStartShouldSetResponder={[Function]}
    style={
      {
        "alignItems": "center",
        "flexDirection": "row",
        "justifyContent": "center",
      }
    }
  >
    <View
      style={
        {
          "flexDirection": "row",
          "gap": 15.5,
        }
      }
    >
      <View
        style={
          [
            {
              "alignItems": "center",
              "backgroundColor": "#222222",
              "borderColor": "#444444",
              "borderRadius": 8,
              "borderWidth": 1,
              "elevation": 1,
              "height": 100,
              "justifyContent": "center",
              "paddingHorizontal": 23,
              "paddingVertical": 12.5,
              "shadowColor": "rgb(10, 13, 18)",
              "shadowOffset": {
                "height": 1,
                "width": 0,
              },
              "shadowOpacity": 0.05,
              "shadowRadius": 2,
              "width": 74.5,
            },
            undefined,
          ]
        }
      >
        <Text
          allowFontScaling={false}
          maxFontSizeMultiplier={1.2}
          style={
            [
              {
                "color": "#FFFFFF",
                "fontFamily": "PlusJakartaSans-Regular",
                "fontSize": 18.4,
                "letterSpacing": 0,
                "lineHeight": 27.599999999999998,
                "textAlign": "left",
              },
              [
                {
                  "fontFamily": "PlusJakartaSans-Medium",
                  "fontSize": 23,
                  "lineHeight": 36.8,
                  "textAlign": "center",
                },
                {
                  "color": "#FFFFFF",
                },
              ],
            ]
          }
        >
          1
        </Text>
      </View>
      <View
        style={
          [
            {
              "alignItems": "center",
              "backgroundColor": "#222222",
              "borderColor": "#444444",
              "borderRadius": 8,
              "borderWidth": 1,
              "elevation": 1,
              "height": 100,
              "justifyContent": "center",
              "paddingHorizontal": 23,
              "paddingVertical": 12.5,
              "shadowColor": "rgb(10, 13, 18)",
              "shadowOffset": {
                "height": 1,
                "width": 0,
              },
              "shadowOpacity": 0.05,
              "shadowRadius": 2,
              "width": 74.5,
            },
            undefined,
          ]
        }
      >
        <Text
          allowFontScaling={false}
          maxFontSizeMultiplier={1.2}
          style={
            [
              {
                "color": "#FFFFFF",
                "fontFamily": "PlusJakartaSans-Regular",
                "fontSize": 18.4,
                "letterSpacing": 0,
                "lineHeight": 27.599999999999998,
                "textAlign": "left",
              },
              [
                {
                  "fontFamily": "PlusJakartaSans-Medium",
                  "fontSize": 23,
                  "lineHeight": 36.8,
                  "textAlign": "center",
                },
                {
                  "color": "#FFFFFF",
                },
              ],
            ]
          }
        >
          2
        </Text>
      </View>
      <View
        style={
          [
            {
              "alignItems": "center",
              "backgroundColor": "#222222",
              "borderColor": "#444444",
              "borderRadius": 8,
              "borderWidth": 1,
              "elevation": 1,
              "height": 100,
              "justifyContent": "center",
              "paddingHorizontal": 23,
              "paddingVertical": 12.5,
              "shadowColor": "rgb(10, 13, 18)",
              "shadowOffset": {
                "height": 1,
                "width": 0,
              },
              "shadowOpacity": 0.05,
              "shadowRadius": 2,
              "width": 74.5,
            },
            undefined,
          ]
        }
      >
        <Text
          allowFontScaling={false}
          maxFontSizeMultiplier={1.2}
          style={
            [
              {
                "color": "#FFFFFF",
                "fontFamily": "PlusJakartaSans-Regular",
                "fontSize": 18.4,
                "letterSpacing": 0,
                "lineHeight": 27.599999999999998,
                "textAlign": "left",
              },
              [
                {
                  "fontFamily": "PlusJakartaSans-Medium",
                  "fontSize": 23,
                  "lineHeight": 36.8,
                  "textAlign": "center",
                },
                {
                  "color": "#FFFFFF",
                },
              ],
            ]
          }
        >
          3
        </Text>
      </View>
    </View>
    <Text
      allowFontScaling={false}
      maxFontSizeMultiplier={1.2}
      style={
        [
          {
            "color": "#FFFFFF",
            "fontFamily": "PlusJakartaSans-Regular",
            "fontSize": 23,
            "letterSpacing": 0,
            "lineHeight": 36.8,
            "textAlign": "left",
          },
          {
            "color": "#cbcbcb",
            "fontFamily": "PlusJakartaSans-Medium",
            "fontSize": 23,
            "lineHeight": 36.8,
            "marginHorizontal": 15.5,
          },
        ]
      }
    >
      -
    </Text>
    <View
      style={
        {
          "flexDirection": "row",
          "gap": 15.5,
        }
      }
    >
      <View
        style={
          [
            {
              "alignItems": "center",
              "backgroundColor": "#222222",
              "borderColor": "#444444",
              "borderRadius": 8,
              "borderWidth": 1,
              "elevation": 1,
              "height": 100,
              "justifyContent": "center",
              "paddingHorizontal": 23,
              "paddingVertical": 12.5,
              "shadowColor": "rgb(10, 13, 18)",
              "shadowOffset": {
                "height": 1,
                "width": 0,
              },
              "shadowOpacity": 0.05,
              "shadowRadius": 2,
              "width": 74.5,
            },
            undefined,
          ]
        }
      >
        <Text
          allowFontScaling={false}
          maxFontSizeMultiplier={1.2}
          style={
            [
              {
                "color": "#FFFFFF",
                "fontFamily": "PlusJakartaSans-Regular",
                "fontSize": 18.4,
                "letterSpacing": 0,
                "lineHeight": 27.599999999999998,
                "textAlign": "left",
              },
              [
                {
                  "fontFamily": "PlusJakartaSans-Medium",
                  "fontSize": 23,
                  "lineHeight": 36.8,
                  "textAlign": "center",
                },
                {
                  "color": "#444444",
                },
              ],
            ]
          }
        >
          0
        </Text>
      </View>
      <View
        style={
          [
            {
              "alignItems": "center",
              "backgroundColor": "#222222",
              "borderColor": "#444444",
              "borderRadius": 8,
              "borderWidth": 1,
              "elevation": 1,
              "height": 100,
              "justifyContent": "center",
              "paddingHorizontal": 23,
              "paddingVertical": 12.5,
              "shadowColor": "rgb(10, 13, 18)",
              "shadowOffset": {
                "height": 1,
                "width": 0,
              },
              "shadowOpacity": 0.05,
              "shadowRadius": 2,
              "width": 74.5,
            },
            undefined,
          ]
        }
      >
        <Text
          allowFontScaling={false}
          maxFontSizeMultiplier={1.2}
          style={
            [
              {
                "color": "#FFFFFF",
                "fontFamily": "PlusJakartaSans-Regular",
                "fontSize": 18.4,
                "letterSpacing": 0,
                "lineHeight": 27.599999999999998,
                "textAlign": "left",
              },
              [
                {
                  "fontFamily": "PlusJakartaSans-Medium",
                  "fontSize": 23,
                  "lineHeight": 36.8,
                  "textAlign": "center",
                },
                {
                  "color": "#444444",
                },
              ],
            ]
          }
        >
          0
        </Text>
      </View>
      <View
        style={
          [
            {
              "alignItems": "center",
              "backgroundColor": "#222222",
              "borderColor": "#444444",
              "borderRadius": 8,
              "borderWidth": 1,
              "elevation": 1,
              "height": 100,
              "justifyContent": "center",
              "paddingHorizontal": 23,
              "paddingVertical": 12.5,
              "shadowColor": "rgb(10, 13, 18)",
              "shadowOffset": {
                "height": 1,
                "width": 0,
              },
              "shadowOpacity": 0.05,
              "shadowRadius": 2,
              "width": 74.5,
            },
            undefined,
          ]
        }
      >
        <Text
          allowFontScaling={false}
          maxFontSizeMultiplier={1.2}
          style={
            [
              {
                "color": "#FFFFFF",
                "fontFamily": "PlusJakartaSans-Regular",
                "fontSize": 18.4,
                "letterSpacing": 0,
                "lineHeight": 27.599999999999998,
                "textAlign": "left",
              },
              [
                {
                  "fontFamily": "PlusJakartaSans-Medium",
                  "fontSize": 23,
                  "lineHeight": 36.8,
                  "textAlign": "center",
                },
                {
                  "color": "#444444",
                },
              ],
            ]
          }
        >
          0
        </Text>
      </View>
    </View>
  </View>
  <TextInput
    accessibilityLabel="OTP verification code"
    accessibilityState={
      {
        "disabled": false,
      }
    }
    autoComplete="one-time-code"
    caretHidden={true}
    editable={true}
    keyboardType="number-pad"
    maxLength={6}
    onBlur={[Function]}
    onChangeText={[Function]}
    onFocus={[Function]}
    style={
      {
        "backgroundColor": "transparent",
        "bottom": 0,
        "color": "transparent",
        "left": 0,
        "opacity": 0.02,
        "position": "absolute",
        "right": 0,
        "top": 0,
      }
    }
    textContentType="oneTimeCode"
    value="123"
  />
</View>
`;

exports[`OTPInput renders correctly - with error 1`] = `
<View
  style={
    {
      "alignItems": "center",
      "width": "100%",
    }
  }
>
  <View
    accessibilityLabel="OTP input, 6 of 6 digits entered"
    accessibilityRole="none"
    accessibilityState={
      {
        "busy": undefined,
        "checked": undefined,
        "disabled": undefined,
        "expanded": undefined,
        "selected": undefined,
      }
    }
    accessibilityValue={
      {
        "max": undefined,
        "min": undefined,
        "now": undefined,
        "text": undefined,
      }
    }
    accessible={true}
    collapsable={false}
    focusable={true}
    onBlur={[Function]}
    onClick={[Function]}
    onFocus={[Function]}
    onResponderGrant={[Function]}
    onResponderMove={[Function]}
    onResponderRelease={[Function]}
    onResponderTerminate={[Function]}
    onResponderTerminationRequest={[Function]}
    onStartShouldSetResponder={[Function]}
    style={
      {
        "alignItems": "center",
        "flexDirection": "row",
        "justifyContent": "center",
      }
    }
  >
    <View
      style={
        {
          "flexDirection": "row",
          "gap": 15.5,
        }
      }
    >
      <View
        style={
          [
            {
              "alignItems": "center",
              "backgroundColor": "#222222",
              "borderColor": "#444444",
              "borderRadius": 8,
              "borderWidth": 1,
              "elevation": 1,
              "height": 100,
              "justifyContent": "center",
              "paddingHorizontal": 23,
              "paddingVertical": 12.5,
              "shadowColor": "rgb(10, 13, 18)",
              "shadowOffset": {
                "height": 1,
                "width": 0,
              },
              "shadowOpacity": 0.05,
              "shadowRadius": 2,
              "width": 74.5,
            },
            {
              "backgroundColor": "#222222",
              "borderColor": "#E5484D",
            },
            undefined,
          ]
        }
      >
        <Text
          allowFontScaling={false}
          maxFontSizeMultiplier={1.2}
          style={
            [
              {
                "color": "#FFFFFF",
                "fontFamily": "PlusJakartaSans-Regular",
                "fontSize": 18.4,
                "letterSpacing": 0,
                "lineHeight": 27.599999999999998,
                "textAlign": "left",
              },
              [
                {
                  "fontFamily": "PlusJakartaSans-Medium",
                  "fontSize": 23,
                  "lineHeight": 36.8,
                  "textAlign": "center",
                },
                {
                  "color": "#FFFFFF",
                },
              ],
            ]
          }
        >
          1
        </Text>
      </View>
      <View
        style={
          [
            {
              "alignItems": "center",
              "backgroundColor": "#222222",
              "borderColor": "#444444",
              "borderRadius": 8,
              "borderWidth": 1,
              "elevation": 1,
              "height": 100,
              "justifyContent": "center",
              "paddingHorizontal": 23,
              "paddingVertical": 12.5,
              "shadowColor": "rgb(10, 13, 18)",
              "shadowOffset": {
                "height": 1,
                "width": 0,
              },
              "shadowOpacity": 0.05,
              "shadowRadius": 2,
              "width": 74.5,
            },
            {
              "backgroundColor": "#222222",
              "borderColor": "#E5484D",
            },
            undefined,
          ]
        }
      >
        <Text
          allowFontScaling={false}
          maxFontSizeMultiplier={1.2}
          style={
            [
              {
                "color": "#FFFFFF",
                "fontFamily": "PlusJakartaSans-Regular",
                "fontSize": 18.4,
                "letterSpacing": 0,
                "lineHeight": 27.599999999999998,
                "textAlign": "left",
              },
              [
                {
                  "fontFamily": "PlusJakartaSans-Medium",
                  "fontSize": 23,
                  "lineHeight": 36.8,
                  "textAlign": "center",
                },
                {
                  "color": "#FFFFFF",
                },
              ],
            ]
          }
        >
          2
        </Text>
      </View>
      <View
        style={
          [
            {
              "alignItems": "center",
              "backgroundColor": "#222222",
              "borderColor": "#444444",
              "borderRadius": 8,
              "borderWidth": 1,
              "elevation": 1,
              "height": 100,
              "justifyContent": "center",
              "paddingHorizontal": 23,
              "paddingVertical": 12.5,
              "shadowColor": "rgb(10, 13, 18)",
              "shadowOffset": {
                "height": 1,
                "width": 0,
              },
              "shadowOpacity": 0.05,
              "shadowRadius": 2,
              "width": 74.5,
            },
            {
              "backgroundColor": "#222222",
              "borderColor": "#E5484D",
            },
            undefined,
          ]
        }
      >
        <Text
          allowFontScaling={false}
          maxFontSizeMultiplier={1.2}
          style={
            [
              {
                "color": "#FFFFFF",
                "fontFamily": "PlusJakartaSans-Regular",
                "fontSize": 18.4,
                "letterSpacing": 0,
                "lineHeight": 27.599999999999998,
                "textAlign": "left",
              },
              [
                {
                  "fontFamily": "PlusJakartaSans-Medium",
                  "fontSize": 23,
                  "lineHeight": 36.8,
                  "textAlign": "center",
                },
                {
                  "color": "#FFFFFF",
                },
              ],
            ]
          }
        >
          3
        </Text>
      </View>
    </View>
    <Text
      allowFontScaling={false}
      maxFontSizeMultiplier={1.2}
      style={
        [
          {
            "color": "#FFFFFF",
            "fontFamily": "PlusJakartaSans-Regular",
            "fontSize": 23,
            "letterSpacing": 0,
            "lineHeight": 36.8,
            "textAlign": "left",
          },
          {
            "color": "#cbcbcb",
            "fontFamily": "PlusJakartaSans-Medium",
            "fontSize": 23,
            "lineHeight": 36.8,
            "marginHorizontal": 15.5,
          },
        ]
      }
    >
      -
    </Text>
    <View
      style={
        {
          "flexDirection": "row",
          "gap": 15.5,
        }
      }
    >
      <View
        style={
          [
            {
              "alignItems": "center",
              "backgroundColor": "#222222",
              "borderColor": "#444444",
              "borderRadius": 8,
              "borderWidth": 1,
              "elevation": 1,
              "height": 100,
              "justifyContent": "center",
              "paddingHorizontal": 23,
              "paddingVertical": 12.5,
              "shadowColor": "rgb(10, 13, 18)",
              "shadowOffset": {
                "height": 1,
                "width": 0,
              },
              "shadowOpacity": 0.05,
              "shadowRadius": 2,
              "width": 74.5,
            },
            {
              "backgroundColor": "#222222",
              "borderColor": "#E5484D",
            },
            undefined,
          ]
        }
      >
        <Text
          allowFontScaling={false}
          maxFontSizeMultiplier={1.2}
          style={
            [
              {
                "color": "#FFFFFF",
                "fontFamily": "PlusJakartaSans-Regular",
                "fontSize": 18.4,
                "letterSpacing": 0,
                "lineHeight": 27.599999999999998,
                "textAlign": "left",
              },
              [
                {
                  "fontFamily": "PlusJakartaSans-Medium",
                  "fontSize": 23,
                  "lineHeight": 36.8,
                  "textAlign": "center",
                },
                {
                  "color": "#FFFFFF",
                },
              ],
            ]
          }
        >
          4
        </Text>
      </View>
      <View
        style={
          [
            {
              "alignItems": "center",
              "backgroundColor": "#222222",
              "borderColor": "#444444",
              "borderRadius": 8,
              "borderWidth": 1,
              "elevation": 1,
              "height": 100,
              "justifyContent": "center",
              "paddingHorizontal": 23,
              "paddingVertical": 12.5,
              "shadowColor": "rgb(10, 13, 18)",
              "shadowOffset": {
                "height": 1,
                "width": 0,
              },
              "shadowOpacity": 0.05,
              "shadowRadius": 2,
              "width": 74.5,
            },
            {
              "backgroundColor": "#222222",
              "borderColor": "#E5484D",
            },
            undefined,
          ]
        }
      >
        <Text
          allowFontScaling={false}
          maxFontSizeMultiplier={1.2}
          style={
            [
              {
                "color": "#FFFFFF",
                "fontFamily": "PlusJakartaSans-Regular",
                "fontSize": 18.4,
                "letterSpacing": 0,
                "lineHeight": 27.599999999999998,
                "textAlign": "left",
              },
              [
                {
                  "fontFamily": "PlusJakartaSans-Medium",
                  "fontSize": 23,
                  "lineHeight": 36.8,
                  "textAlign": "center",
                },
                {
                  "color": "#FFFFFF",
                },
              ],
            ]
          }
        >
          5
        </Text>
      </View>
      <View
        style={
          [
            {
              "alignItems": "center",
              "backgroundColor": "#222222",
              "borderColor": "#444444",
              "borderRadius": 8,
              "borderWidth": 1,
              "elevation": 1,
              "height": 100,
              "justifyContent": "center",
              "paddingHorizontal": 23,
              "paddingVertical": 12.5,
              "shadowColor": "rgb(10, 13, 18)",
              "shadowOffset": {
                "height": 1,
                "width": 0,
              },
              "shadowOpacity": 0.05,
              "shadowRadius": 2,
              "width": 74.5,
            },
            {
              "backgroundColor": "#222222",
              "borderColor": "#E5484D",
            },
            undefined,
          ]
        }
      >
        <Text
          allowFontScaling={false}
          maxFontSizeMultiplier={1.2}
          style={
            [
              {
                "color": "#FFFFFF",
                "fontFamily": "PlusJakartaSans-Regular",
                "fontSize": 18.4,
                "letterSpacing": 0,
                "lineHeight": 27.599999999999998,
                "textAlign": "left",
              },
              [
                {
                  "fontFamily": "PlusJakartaSans-Medium",
                  "fontSize": 23,
                  "lineHeight": 36.8,
                  "textAlign": "center",
                },
                {
                  "color": "#FFFFFF",
                },
              ],
            ]
          }
        >
          6
        </Text>
      </View>
    </View>
  </View>
  <TextInput
    accessibilityLabel="OTP verification code"
    accessibilityState={
      {
        "disabled": false,
      }
    }
    autoComplete="one-time-code"
    caretHidden={true}
    editable={true}
    keyboardType="number-pad"
    maxLength={6}
    onBlur={[Function]}
    onChangeText={[Function]}
    onFocus={[Function]}
    style={
      {
        "backgroundColor": "transparent",
        "bottom": 0,
        "color": "transparent",
        "left": 0,
        "opacity": 0.02,
        "position": "absolute",
        "right": 0,
        "top": 0,
      }
    }
    textContentType="oneTimeCode"
    value="123456"
  />
  <Text
    allowFontScaling={false}
    maxFontSizeMultiplier={1.2}
    style={
      [
        {
          "color": "#FFFFFF",
          "fontFamily": "PlusJakartaSans-Regular",
          "fontSize": 18.4,
          "letterSpacing": 0,
          "lineHeight": 27.599999999999998,
          "textAlign": "left",
        },
        {
          "color": "#E5484D",
          "fontFamily": "PlusJakartaSans-Regular",
          "fontSize": 16.099999999999998,
          "lineHeight": 23,
          "marginTop": 25,
          "textAlign": "center",
        },
      ]
    }
  >
    Invalid OTP. Please try again.
  </Text>
</View>
`;
